app/(admin)/dashboard/projects/[id]/edit/page.tsx(68,9): error TS2322: Type 'Resolver<{ title: string; slug: string; category: ProjectCategory; status: ProjectStatus; shortDescription?: string | undefined; fullDescription?: string | undefined; ... 10 more ...; displayOnHomepage?: boolean | undefined; }, any, { ...; }>' is not assignable to type 'Resolver<{ title: string; slug: string; category: ProjectCategory; status: ProjectStatus; isFeatured: boolean; displayOnHomepage: boolean; shortDescription?: string | undefined; ... 9 more ...; keyFeatures?: string | undefined; }, any, { ...; }>'.
  Types of parameters 'options' and 'options' are incompatible.
    Type 'ResolverOptions<{ title: string; slug: string; category: ProjectCategory; status: ProjectStatus; isFeatured: boolean; displayOnHomepage: boolean; shortDescription?: string | undefined; ... 9 more ...; keyFeatures?: string | undefined; }>' is not assignable to type 'ResolverOptions<{ title: string; slug: string; category: ProjectCategory; status: ProjectStatus; shortDescription?: string | undefined; fullDescription?: string | undefined; ... 10 more ...; displayOnHomepage?: boolean | undefined; }>'.
      Type 'boolean | undefined' is not assignable to type 'boolean'.
        Type 'undefined' is not assignable to type 'boolean'.
app/(admin)/dashboard/projects/[id]/edit/page.tsx(145,80): error TS2345: Argument of type 'TFieldValues' is not assignable to parameter of type '{ title: string; slug: string; category: ProjectCategory; status: ProjectStatus; isFeatured: boolean; displayOnHomepage: boolean; shortDescription?: string | undefined; ... 9 more ...; keyFeatures?: string | undefined; }'.
  Type 'FieldValues' is missing the following properties from type '{ title: string; slug: string; category: ProjectCategory; status: ProjectStatus; isFeatured: boolean; displayOnHomepage: boolean; shortDescription?: string | undefined; ... 9 more ...; keyFeatures?: string | undefined; }': title, slug, category, status, and 2 more.
app/(admin)/dashboard/projects/[id]/edit/page.tsx(149,40): error TS2322: Type 'Control<{ title: string; slug: string; category: ProjectCategory; status: ProjectStatus; isFeatured: boolean; displayOnHomepage: boolean; shortDescription?: string | undefined; ... 9 more ...; keyFeatures?: string | undefined; }, any, TFieldValues>' is not assignable to type 'Control<{ title: string; slug: string; category: ProjectCategory; status: ProjectStatus; isFeatured: boolean; displayOnHomepage: boolean; shortDescription?: string | undefined; ... 9 more ...; keyFeatures?: string | undefined; }, any, { ...; }>'.
  The types of '_options.resolver' are incompatible between these types.
    Type 'Resolver<{ title: string; slug: string; category: ProjectCategory; status: ProjectStatus; isFeatured: boolean; displayOnHomepage: boolean; shortDescription?: string | undefined; ... 9 more ...; keyFeatures?: string | undefined; }, any, TFieldValues> | undefined' is not assignable to type 'Resolver<{ title: string; slug: string; category: ProjectCategory; status: ProjectStatus; isFeatured: boolean; displayOnHomepage: boolean; shortDescription?: string | undefined; ... 9 more ...; keyFeatures?: string | undefined; }, any, { ...; }> | undefined'.
      Type 'Resolver<{ title: string; slug: string; category: ProjectCategory; status: ProjectStatus; isFeatured: boolean; displayOnHomepage: boolean; shortDescription?: string | undefined; ... 9 more ...; keyFeatures?: string | undefined; }, any, TFieldValues>' is not assignable to type 'Resolver<{ title: string; slug: string; category: ProjectCategory; status: ProjectStatus; isFeatured: boolean; displayOnHomepage: boolean; shortDescription?: string | undefined; ... 9 more ...; keyFeatures?: string | undefined; }, any, { ...; }>'.
        Type 'ResolverResult<{ title: string; slug: string; category: ProjectCategory; status: ProjectStatus; isFeatured: boolean; displayOnHomepage: boolean; shortDescription?: string | undefined; ... 9 more ...; keyFeatures?: string | undefined; }, TFieldValues> | Promise<...>' is not assignable to type 'ResolverResult<{ title: string; slug: string; category: ProjectCategory; status: ProjectStatus; isFeatured: boolean; displayOnHomepage: boolean; shortDescription?: string | undefined; ... 9 more ...; keyFeatures?: string | undefined; }, { ...; }> | Promise<...>'.
          Type 'ResolverSuccess<TFieldValues>' is not assignable to type 'ResolverResult<{ title: string; slug: string; category: ProjectCategory; status: ProjectStatus; isFeatured: boolean; displayOnHomepage: boolean; shortDescription?: string | undefined; ... 9 more ...; keyFeatures?: string | undefined; }, { ...; }> | Promise<...>'.
            Type 'ResolverSuccess<TFieldValues>' is not assignable to type 'ResolverSuccess<{ title: string; slug: string; category: ProjectCategory; status: ProjectStatus; isFeatured: boolean; displayOnHomepage: boolean; shortDescription?: string | undefined; ... 9 more ...; keyFeatures?: string | undefined; }>'.
              Type 'TFieldValues' is not assignable to type '{ title: string; slug: string; category: ProjectCategory; status: ProjectStatus; isFeatured: boolean; displayOnHomepage: boolean; shortDescription?: string | undefined; ... 9 more ...; keyFeatures?: string | undefined; }'.
                Type 'FieldValues' is missing the following properties from type '{ title: string; slug: string; category: ProjectCategory; status: ProjectStatus; isFeatured: boolean; displayOnHomepage: boolean; shortDescription?: string | undefined; ... 9 more ...; keyFeatures?: string | undefined; }': title, slug, category, status, and 2 more.
app/(admin)/dashboard/projects/[id]/edit/page.tsx(156,40): error TS2322: Type 'Control<{ title: string; slug: string; category: ProjectCategory; status: ProjectStatus; isFeatured: boolean; displayOnHomepage: boolean; shortDescription?: string | undefined; ... 9 more ...; keyFeatures?: string | undefined; }, any, TFieldValues>' is not assignable to type 'Control<{ title: string; slug: string; category: ProjectCategory; status: ProjectStatus; isFeatured: boolean; displayOnHomepage: boolean; shortDescription?: string | undefined; ... 9 more ...; keyFeatures?: string | undefined; }, any, { ...; }>'.
  The types of '_options.resolver' are incompatible between these types.
    Type 'Resolver<{ title: string; slug: string; category: ProjectCategory; status: ProjectStatus; isFeatured: boolean; displayOnHomepage: boolean; shortDescription?: string | undefined; ... 9 more ...; keyFeatures?: string | undefined; }, any, TFieldValues> | undefined' is not assignable to type 'Resolver<{ title: string; slug: string; category: ProjectCategory; status: ProjectStatus; isFeatured: boolean; displayOnHomepage: boolean; shortDescription?: string | undefined; ... 9 more ...; keyFeatures?: string | undefined; }, any, { ...; }> | undefined'.
      Type 'Resolver<{ title: string; slug: string; category: ProjectCategory; status: ProjectStatus; isFeatured: boolean; displayOnHomepage: boolean; shortDescription?: string | undefined; ... 9 more ...; keyFeatures?: string | undefined; }, any, TFieldValues>' is not assignable to type 'Resolver<{ title: string; slug: string; category: ProjectCategory; status: ProjectStatus; isFeatured: boolean; displayOnHomepage: boolean; shortDescription?: string | undefined; ... 9 more ...; keyFeatures?: string | undefined; }, any, { ...; }>'.
        Type 'ResolverResult<{ title: string; slug: string; category: ProjectCategory; status: ProjectStatus; isFeatured: boolean; displayOnHomepage: boolean; shortDescription?: string | undefined; ... 9 more ...; keyFeatures?: string | undefined; }, TFieldValues> | Promise<...>' is not assignable to type 'ResolverResult<{ title: string; slug: string; category: ProjectCategory; status: ProjectStatus; isFeatured: boolean; displayOnHomepage: boolean; shortDescription?: string | undefined; ... 9 more ...; keyFeatures?: string | undefined; }, { ...; }> | Promise<...>'.
          Type 'ResolverSuccess<TFieldValues>' is not assignable to type 'ResolverResult<{ title: string; slug: string; category: ProjectCategory; status: ProjectStatus; isFeatured: boolean; displayOnHomepage: boolean; shortDescription?: string | undefined; ... 9 more ...; keyFeatures?: string | undefined; }, { ...; }> | Promise<...>'.
            Type 'ResolverSuccess<TFieldValues>' is not assignable to type 'ResolverSuccess<{ title: string; slug: string; category: ProjectCategory; status: ProjectStatus; isFeatured: boolean; displayOnHomepage: boolean; shortDescription?: string | undefined; ... 9 more ...; keyFeatures?: string | undefined; }>'.
              Type 'TFieldValues' is not assignable to type '{ title: string; slug: string; category: ProjectCategory; status: ProjectStatus; isFeatured: boolean; displayOnHomepage: boolean; shortDescription?: string | undefined; ... 9 more ...; keyFeatures?: string | undefined; }'.
                Type 'FieldValues' is missing the following properties from type '{ title: string; slug: string; category: ProjectCategory; status: ProjectStatus; isFeatured: boolean; displayOnHomepage: boolean; shortDescription?: string | undefined; ... 9 more ...; keyFeatures?: string | undefined; }': title, slug, category, status, and 2 more.
app/(admin)/dashboard/projects/[id]/edit/page.tsx(163,40): error TS2322: Type 'Control<{ title: string; slug: string; category: ProjectCategory; status: ProjectStatus; isFeatured: boolean; displayOnHomepage: boolean; shortDescription?: string | undefined; ... 9 more ...; keyFeatures?: string | undefined; }, any, TFieldValues>' is not assignable to type 'Control<{ title: string; slug: string; category: ProjectCategory; status: ProjectStatus; isFeatured: boolean; displayOnHomepage: boolean; shortDescription?: string | undefined; ... 9 more ...; keyFeatures?: string | undefined; }, any, { ...; }>'.
  The types of '_options.resolver' are incompatible between these types.
    Type 'Resolver<{ title: string; slug: string; category: ProjectCategory; status: ProjectStatus; isFeatured: boolean; displayOnHomepage: boolean; shortDescription?: string | undefined; ... 9 more ...; keyFeatures?: string | undefined; }, any, TFieldValues> | undefined' is not assignable to type 'Resolver<{ title: string; slug: string; category: ProjectCategory; status: ProjectStatus; isFeatured: boolean; displayOnHomepage: boolean; shortDescription?: string | undefined; ... 9 more ...; keyFeatures?: string | undefined; }, any, { ...; }> | undefined'.
      Type 'Resolver<{ title: string; slug: string; category: ProjectCategory; status: ProjectStatus; isFeatured: boolean; displayOnHomepage: boolean; shortDescription?: string | undefined; ... 9 more ...; keyFeatures?: string | undefined; }, any, TFieldValues>' is not assignable to type 'Resolver<{ title: string; slug: string; category: ProjectCategory; status: ProjectStatus; isFeatured: boolean; displayOnHomepage: boolean; shortDescription?: string | undefined; ... 9 more ...; keyFeatures?: string | undefined; }, any, { ...; }>'.
        Type 'ResolverResult<{ title: string; slug: string; category: ProjectCategory; status: ProjectStatus; isFeatured: boolean; displayOnHomepage: boolean; shortDescription?: string | undefined; ... 9 more ...; keyFeatures?: string | undefined; }, TFieldValues> | Promise<...>' is not assignable to type 'ResolverResult<{ title: string; slug: string; category: ProjectCategory; status: ProjectStatus; isFeatured: boolean; displayOnHomepage: boolean; shortDescription?: string | undefined; ... 9 more ...; keyFeatures?: string | undefined; }, { ...; }> | Promise<...>'.
          Type 'ResolverSuccess<TFieldValues>' is not assignable to type 'ResolverResult<{ title: string; slug: string; category: ProjectCategory; status: ProjectStatus; isFeatured: boolean; displayOnHomepage: boolean; shortDescription?: string | undefined; ... 9 more ...; keyFeatures?: string | undefined; }, { ...; }> | Promise<...>'.
            Type 'ResolverSuccess<TFieldValues>' is not assignable to type 'ResolverSuccess<{ title: string; slug: string; category: ProjectCategory; status: ProjectStatus; isFeatured: boolean; displayOnHomepage: boolean; shortDescription?: string | undefined; ... 9 more ...; keyFeatures?: string | undefined; }>'.
              Type 'TFieldValues' is not assignable to type '{ title: string; slug: string; category: ProjectCategory; status: ProjectStatus; isFeatured: boolean; displayOnHomepage: boolean; shortDescription?: string | undefined; ... 9 more ...; keyFeatures?: string | undefined; }'.
                Type 'FieldValues' is missing the following properties from type '{ title: string; slug: string; category: ProjectCategory; status: ProjectStatus; isFeatured: boolean; displayOnHomepage: boolean; shortDescription?: string | undefined; ... 9 more ...; keyFeatures?: string | undefined; }': title, slug, category, status, and 2 more.
app/(admin)/dashboard/projects/[id]/edit/page.tsx(170,40): error TS2322: Type 'Control<{ title: string; slug: string; category: ProjectCategory; status: ProjectStatus; isFeatured: boolean; displayOnHomepage: boolean; shortDescription?: string | undefined; ... 9 more ...; keyFeatures?: string | undefined; }, any, TFieldValues>' is not assignable to type 'Control<{ title: string; slug: string; category: ProjectCategory; status: ProjectStatus; isFeatured: boolean; displayOnHomepage: boolean; shortDescription?: string | undefined; ... 9 more ...; keyFeatures?: string | undefined; }, any, { ...; }>'.
  The types of '_options.resolver' are incompatible between these types.
    Type 'Resolver<{ title: string; slug: string; category: ProjectCategory; status: ProjectStatus; isFeatured: boolean; displayOnHomepage: boolean; shortDescription?: string | undefined; ... 9 more ...; keyFeatures?: string | undefined; }, any, TFieldValues> | undefined' is not assignable to type 'Resolver<{ title: string; slug: string; category: ProjectCategory; status: ProjectStatus; isFeatured: boolean; displayOnHomepage: boolean; shortDescription?: string | undefined; ... 9 more ...; keyFeatures?: string | undefined; }, any, { ...; }> | undefined'.
      Type 'Resolver<{ title: string; slug: string; category: ProjectCategory; status: ProjectStatus; isFeatured: boolean; displayOnHomepage: boolean; shortDescription?: string | undefined; ... 9 more ...; keyFeatures?: string | undefined; }, any, TFieldValues>' is not assignable to type 'Resolver<{ title: string; slug: string; category: ProjectCategory; status: ProjectStatus; isFeatured: boolean; displayOnHomepage: boolean; shortDescription?: string | undefined; ... 9 more ...; keyFeatures?: string | undefined; }, any, { ...; }>'.
        Type 'ResolverResult<{ title: string; slug: string; category: ProjectCategory; status: ProjectStatus; isFeatured: boolean; displayOnHomepage: boolean; shortDescription?: string | undefined; ... 9 more ...; keyFeatures?: string | undefined; }, TFieldValues> | Promise<...>' is not assignable to type 'ResolverResult<{ title: string; slug: string; category: ProjectCategory; status: ProjectStatus; isFeatured: boolean; displayOnHomepage: boolean; shortDescription?: string | undefined; ... 9 more ...; keyFeatures?: string | undefined; }, { ...; }> | Promise<...>'.
          Type 'ResolverSuccess<TFieldValues>' is not assignable to type 'ResolverResult<{ title: string; slug: string; category: ProjectCategory; status: ProjectStatus; isFeatured: boolean; displayOnHomepage: boolean; shortDescription?: string | undefined; ... 9 more ...; keyFeatures?: string | undefined; }, { ...; }> | Promise<...>'.
            Type 'ResolverSuccess<TFieldValues>' is not assignable to type 'ResolverSuccess<{ title: string; slug: string; category: ProjectCategory; status: ProjectStatus; isFeatured: boolean; displayOnHomepage: boolean; shortDescription?: string | undefined; ... 9 more ...; keyFeatures?: string | undefined; }>'.
              Type 'TFieldValues' is not assignable to type '{ title: string; slug: string; category: ProjectCategory; status: ProjectStatus; isFeatured: boolean; displayOnHomepage: boolean; shortDescription?: string | undefined; ... 9 more ...; keyFeatures?: string | undefined; }'.
                Type 'FieldValues' is missing the following properties from type '{ title: string; slug: string; category: ProjectCategory; status: ProjectStatus; isFeatured: boolean; displayOnHomepage: boolean; shortDescription?: string | undefined; ... 9 more ...; keyFeatures?: string | undefined; }': title, slug, category, status, and 2 more.
app/(admin)/dashboard/projects/[id]/edit/page.tsx(184,40): error TS2322: Type 'Control<{ title: string; slug: string; category: ProjectCategory; status: ProjectStatus; isFeatured: boolean; displayOnHomepage: boolean; shortDescription?: string | undefined; ... 9 more ...; keyFeatures?: string | undefined; }, any, TFieldValues>' is not assignable to type 'Control<{ title: string; slug: string; category: ProjectCategory; status: ProjectStatus; isFeatured: boolean; displayOnHomepage: boolean; shortDescription?: string | undefined; ... 9 more ...; keyFeatures?: string | undefined; }, any, { ...; }>'.
  The types of '_options.resolver' are incompatible between these types.
    Type 'Resolver<{ title: string; slug: string; category: ProjectCategory; status: ProjectStatus; isFeatured: boolean; displayOnHomepage: boolean; shortDescription?: string | undefined; ... 9 more ...; keyFeatures?: string | undefined; }, any, TFieldValues> | undefined' is not assignable to type 'Resolver<{ title: string; slug: string; category: ProjectCategory; status: ProjectStatus; isFeatured: boolean; displayOnHomepage: boolean; shortDescription?: string | undefined; ... 9 more ...; keyFeatures?: string | undefined; }, any, { ...; }> | undefined'.
      Type 'Resolver<{ title: string; slug: string; category: ProjectCategory; status: ProjectStatus; isFeatured: boolean; displayOnHomepage: boolean; shortDescription?: string | undefined; ... 9 more ...; keyFeatures?: string | undefined; }, any, TFieldValues>' is not assignable to type 'Resolver<{ title: string; slug: string; category: ProjectCategory; status: ProjectStatus; isFeatured: boolean; displayOnHomepage: boolean; shortDescription?: string | undefined; ... 9 more ...; keyFeatures?: string | undefined; }, any, { ...; }>'.
        Type 'ResolverResult<{ title: string; slug: string; category: ProjectCategory; status: ProjectStatus; isFeatured: boolean; displayOnHomepage: boolean; shortDescription?: string | undefined; ... 9 more ...; keyFeatures?: string | undefined; }, TFieldValues> | Promise<...>' is not assignable to type 'ResolverResult<{ title: string; slug: string; category: ProjectCategory; status: ProjectStatus; isFeatured: boolean; displayOnHomepage: boolean; shortDescription?: string | undefined; ... 9 more ...; keyFeatures?: string | undefined; }, { ...; }> | Promise<...>'.
          Type 'ResolverSuccess<TFieldValues>' is not assignable to type 'ResolverResult<{ title: string; slug: string; category: ProjectCategory; status: ProjectStatus; isFeatured: boolean; displayOnHomepage: boolean; shortDescription?: string | undefined; ... 9 more ...; keyFeatures?: string | undefined; }, { ...; }> | Promise<...>'.
            Type 'ResolverSuccess<TFieldValues>' is not assignable to type 'ResolverSuccess<{ title: string; slug: string; category: ProjectCategory; status: ProjectStatus; isFeatured: boolean; displayOnHomepage: boolean; shortDescription?: string | undefined; ... 9 more ...; keyFeatures?: string | undefined; }>'.
              Type 'TFieldValues' is not assignable to type '{ title: string; slug: string; category: ProjectCategory; status: ProjectStatus; isFeatured: boolean; displayOnHomepage: boolean; shortDescription?: string | undefined; ... 9 more ...; keyFeatures?: string | undefined; }'.
                Type 'FieldValues' is missing the following properties from type '{ title: string; slug: string; category: ProjectCategory; status: ProjectStatus; isFeatured: boolean; displayOnHomepage: boolean; shortDescription?: string | undefined; ... 9 more ...; keyFeatures?: string | undefined; }': title, slug, category, status, and 2 more.
app/(admin)/dashboard/projects/[id]/edit/page.tsx(198,40): error TS2322: Type 'Control<{ title: string; slug: string; category: ProjectCategory; status: ProjectStatus; isFeatured: boolean; displayOnHomepage: boolean; shortDescription?: string | undefined; ... 9 more ...; keyFeatures?: string | undefined; }, any, TFieldValues>' is not assignable to type 'Control<{ title: string; slug: string; category: ProjectCategory; status: ProjectStatus; isFeatured: boolean; displayOnHomepage: boolean; shortDescription?: string | undefined; ... 9 more ...; keyFeatures?: string | undefined; }, any, { ...; }>'.
  The types of '_options.resolver' are incompatible between these types.
    Type 'Resolver<{ title: string; slug: string; category: ProjectCategory; status: ProjectStatus; isFeatured: boolean; displayOnHomepage: boolean; shortDescription?: string | undefined; ... 9 more ...; keyFeatures?: string | undefined; }, any, TFieldValues> | undefined' is not assignable to type 'Resolver<{ title: string; slug: string; category: ProjectCategory; status: ProjectStatus; isFeatured: boolean; displayOnHomepage: boolean; shortDescription?: string | undefined; ... 9 more ...; keyFeatures?: string | undefined; }, any, { ...; }> | undefined'.
      Type 'Resolver<{ title: string; slug: string; category: ProjectCategory; status: ProjectStatus; isFeatured: boolean; displayOnHomepage: boolean; shortDescription?: string | undefined; ... 9 more ...; keyFeatures?: string | undefined; }, any, TFieldValues>' is not assignable to type 'Resolver<{ title: string; slug: string; category: ProjectCategory; status: ProjectStatus; isFeatured: boolean; displayOnHomepage: boolean; shortDescription?: string | undefined; ... 9 more ...; keyFeatures?: string | undefined; }, any, { ...; }>'.
        Type 'ResolverResult<{ title: string; slug: string; category: ProjectCategory; status: ProjectStatus; isFeatured: boolean; displayOnHomepage: boolean; shortDescription?: string | undefined; ... 9 more ...; keyFeatures?: string | undefined; }, TFieldValues> | Promise<...>' is not assignable to type 'ResolverResult<{ title: string; slug: string; category: ProjectCategory; status: ProjectStatus; isFeatured: boolean; displayOnHomepage: boolean; shortDescription?: string | undefined; ... 9 more ...; keyFeatures?: string | undefined; }, { ...; }> | Promise<...>'.
          Type 'ResolverSuccess<TFieldValues>' is not assignable to type 'ResolverResult<{ title: string; slug: string; category: ProjectCategory; status: ProjectStatus; isFeatured: boolean; displayOnHomepage: boolean; shortDescription?: string | undefined; ... 9 more ...; keyFeatures?: string | undefined; }, { ...; }> | Promise<...>'.
            Type 'ResolverSuccess<TFieldValues>' is not assignable to type 'ResolverSuccess<{ title: string; slug: string; category: ProjectCategory; status: ProjectStatus; isFeatured: boolean; displayOnHomepage: boolean; shortDescription?: string | undefined; ... 9 more ...; keyFeatures?: string | undefined; }>'.
              Type 'TFieldValues' is not assignable to type '{ title: string; slug: string; category: ProjectCategory; status: ProjectStatus; isFeatured: boolean; displayOnHomepage: boolean; shortDescription?: string | undefined; ... 9 more ...; keyFeatures?: string | undefined; }'.
                Type 'FieldValues' is missing the following properties from type '{ title: string; slug: string; category: ProjectCategory; status: ProjectStatus; isFeatured: boolean; displayOnHomepage: boolean; shortDescription?: string | undefined; ... 9 more ...; keyFeatures?: string | undefined; }': title, slug, category, status, and 2 more.
app/(admin)/dashboard/projects/[id]/edit/page.tsx(205,40): error TS2322: Type 'Control<{ title: string; slug: string; category: ProjectCategory; status: ProjectStatus; isFeatured: boolean; displayOnHomepage: boolean; shortDescription?: string | undefined; ... 9 more ...; keyFeatures?: string | undefined; }, any, TFieldValues>' is not assignable to type 'Control<{ title: string; slug: string; category: ProjectCategory; status: ProjectStatus; isFeatured: boolean; displayOnHomepage: boolean; shortDescription?: string | undefined; ... 9 more ...; keyFeatures?: string | undefined; }, any, { ...; }>'.
  The types of '_options.resolver' are incompatible between these types.
    Type 'Resolver<{ title: string; slug: string; category: ProjectCategory; status: ProjectStatus; isFeatured: boolean; displayOnHomepage: boolean; shortDescription?: string | undefined; ... 9 more ...; keyFeatures?: string | undefined; }, any, TFieldValues> | undefined' is not assignable to type 'Resolver<{ title: string; slug: string; category: ProjectCategory; status: ProjectStatus; isFeatured: boolean; displayOnHomepage: boolean; shortDescription?: string | undefined; ... 9 more ...; keyFeatures?: string | undefined; }, any, { ...; }> | undefined'.
      Type 'Resolver<{ title: string; slug: string; category: ProjectCategory; status: ProjectStatus; isFeatured: boolean; displayOnHomepage: boolean; shortDescription?: string | undefined; ... 9 more ...; keyFeatures?: string | undefined; }, any, TFieldValues>' is not assignable to type 'Resolver<{ title: string; slug: string; category: ProjectCategory; status: ProjectStatus; isFeatured: boolean; displayOnHomepage: boolean; shortDescription?: string | undefined; ... 9 more ...; keyFeatures?: string | undefined; }, any, { ...; }>'.
        Type 'ResolverResult<{ title: string; slug: string; category: ProjectCategory; status: ProjectStatus; isFeatured: boolean; displayOnHomepage: boolean; shortDescription?: string | undefined; ... 9 more ...; keyFeatures?: string | undefined; }, TFieldValues> | Promise<...>' is not assignable to type 'ResolverResult<{ title: string; slug: string; category: ProjectCategory; status: ProjectStatus; isFeatured: boolean; displayOnHomepage: boolean; shortDescription?: string | undefined; ... 9 more ...; keyFeatures?: string | undefined; }, { ...; }> | Promise<...>'.
          Type 'ResolverSuccess<TFieldValues>' is not assignable to type 'ResolverResult<{ title: string; slug: string; category: ProjectCategory; status: ProjectStatus; isFeatured: boolean; displayOnHomepage: boolean; shortDescription?: string | undefined; ... 9 more ...; keyFeatures?: string | undefined; }, { ...; }> | Promise<...>'.
            Type 'ResolverSuccess<TFieldValues>' is not assignable to type 'ResolverSuccess<{ title: string; slug: string; category: ProjectCategory; status: ProjectStatus; isFeatured: boolean; displayOnHomepage: boolean; shortDescription?: string | undefined; ... 9 more ...; keyFeatures?: string | undefined; }>'.
              Type 'TFieldValues' is not assignable to type '{ title: string; slug: string; category: ProjectCategory; status: ProjectStatus; isFeatured: boolean; displayOnHomepage: boolean; shortDescription?: string | undefined; ... 9 more ...; keyFeatures?: string | undefined; }'.
                Type 'FieldValues' is missing the following properties from type '{ title: string; slug: string; category: ProjectCategory; status: ProjectStatus; isFeatured: boolean; displayOnHomepage: boolean; shortDescription?: string | undefined; ... 9 more ...; keyFeatures?: string | undefined; }': title, slug, category, status, and 2 more.
app/(admin)/dashboard/projects/[id]/edit/page.tsx(218,40): error TS2322: Type 'Control<{ title: string; slug: string; category: ProjectCategory; status: ProjectStatus; isFeatured: boolean; displayOnHomepage: boolean; shortDescription?: string | undefined; ... 9 more ...; keyFeatures?: string | undefined; }, any, TFieldValues>' is not assignable to type 'Control<{ title: string; slug: string; category: ProjectCategory; status: ProjectStatus; isFeatured: boolean; displayOnHomepage: boolean; shortDescription?: string | undefined; ... 9 more ...; keyFeatures?: string | undefined; }, any, { ...; }>'.
  The types of '_options.resolver' are incompatible between these types.
    Type 'Resolver<{ title: string; slug: string; category: ProjectCategory; status: ProjectStatus; isFeatured: boolean; displayOnHomepage: boolean; shortDescription?: string | undefined; ... 9 more ...; keyFeatures?: string | undefined; }, any, TFieldValues> | undefined' is not assignable to type 'Resolver<{ title: string; slug: string; category: ProjectCategory; status: ProjectStatus; isFeatured: boolean; displayOnHomepage: boolean; shortDescription?: string | undefined; ... 9 more ...; keyFeatures?: string | undefined; }, any, { ...; }> | undefined'.
      Type 'Resolver<{ title: string; slug: string; category: ProjectCategory; status: ProjectStatus; isFeatured: boolean; displayOnHomepage: boolean; shortDescription?: string | undefined; ... 9 more ...; keyFeatures?: string | undefined; }, any, TFieldValues>' is not assignable to type 'Resolver<{ title: string; slug: string; category: ProjectCategory; status: ProjectStatus; isFeatured: boolean; displayOnHomepage: boolean; shortDescription?: string | undefined; ... 9 more ...; keyFeatures?: string | undefined; }, any, { ...; }>'.
        Type 'ResolverResult<{ title: string; slug: string; category: ProjectCategory; status: ProjectStatus; isFeatured: boolean; displayOnHomepage: boolean; shortDescription?: string | undefined; ... 9 more ...; keyFeatures?: string | undefined; }, TFieldValues> | Promise<...>' is not assignable to type 'ResolverResult<{ title: string; slug: string; category: ProjectCategory; status: ProjectStatus; isFeatured: boolean; displayOnHomepage: boolean; shortDescription?: string | undefined; ... 9 more ...; keyFeatures?: string | undefined; }, { ...; }> | Promise<...>'.
          Type 'ResolverSuccess<TFieldValues>' is not assignable to type 'ResolverResult<{ title: string; slug: string; category: ProjectCategory; status: ProjectStatus; isFeatured: boolean; displayOnHomepage: boolean; shortDescription?: string | undefined; ... 9 more ...; keyFeatures?: string | undefined; }, { ...; }> | Promise<...>'.
            Type 'ResolverSuccess<TFieldValues>' is not assignable to type 'ResolverSuccess<{ title: string; slug: string; category: ProjectCategory; status: ProjectStatus; isFeatured: boolean; displayOnHomepage: boolean; shortDescription?: string | undefined; ... 9 more ...; keyFeatures?: string | undefined; }>'.
              Type 'TFieldValues' is not assignable to type '{ title: string; slug: string; category: ProjectCategory; status: ProjectStatus; isFeatured: boolean; displayOnHomepage: boolean; shortDescription?: string | undefined; ... 9 more ...; keyFeatures?: string | undefined; }'.
                Type 'FieldValues' is missing the following properties from type '{ title: string; slug: string; category: ProjectCategory; status: ProjectStatus; isFeatured: boolean; displayOnHomepage: boolean; shortDescription?: string | undefined; ... 9 more ...; keyFeatures?: string | undefined; }': title, slug, category, status, and 2 more.
app/(admin)/dashboard/projects/[id]/edit/page.tsx(225,40): error TS2322: Type 'Control<{ title: string; slug: string; category: ProjectCategory; status: ProjectStatus; isFeatured: boolean; displayOnHomepage: boolean; shortDescription?: string | undefined; ... 9 more ...; keyFeatures?: string | undefined; }, any, TFieldValues>' is not assignable to type 'Control<{ title: string; slug: string; category: ProjectCategory; status: ProjectStatus; isFeatured: boolean; displayOnHomepage: boolean; shortDescription?: string | undefined; ... 9 more ...; keyFeatures?: string | undefined; }, any, { ...; }>'.
  The types of '_options.resolver' are incompatible between these types.
    Type 'Resolver<{ title: string; slug: string; category: ProjectCategory; status: ProjectStatus; isFeatured: boolean; displayOnHomepage: boolean; shortDescription?: string | undefined; ... 9 more ...; keyFeatures?: string | undefined; }, any, TFieldValues> | undefined' is not assignable to type 'Resolver<{ title: string; slug: string; category: ProjectCategory; status: ProjectStatus; isFeatured: boolean; displayOnHomepage: boolean; shortDescription?: string | undefined; ... 9 more ...; keyFeatures?: string | undefined; }, any, { ...; }> | undefined'.
      Type 'Resolver<{ title: string; slug: string; category: ProjectCategory; status: ProjectStatus; isFeatured: boolean; displayOnHomepage: boolean; shortDescription?: string | undefined; ... 9 more ...; keyFeatures?: string | undefined; }, any, TFieldValues>' is not assignable to type 'Resolver<{ title: string; slug: string; category: ProjectCategory; status: ProjectStatus; isFeatured: boolean; displayOnHomepage: boolean; shortDescription?: string | undefined; ... 9 more ...; keyFeatures?: string | undefined; }, any, { ...; }>'.
        Type 'ResolverResult<{ title: string; slug: string; category: ProjectCategory; status: ProjectStatus; isFeatured: boolean; displayOnHomepage: boolean; shortDescription?: string | undefined; ... 9 more ...; keyFeatures?: string | undefined; }, TFieldValues> | Promise<...>' is not assignable to type 'ResolverResult<{ title: string; slug: string; category: ProjectCategory; status: ProjectStatus; isFeatured: boolean; displayOnHomepage: boolean; shortDescription?: string | undefined; ... 9 more ...; keyFeatures?: string | undefined; }, { ...; }> | Promise<...>'.
          Type 'ResolverSuccess<TFieldValues>' is not assignable to type 'ResolverResult<{ title: string; slug: string; category: ProjectCategory; status: ProjectStatus; isFeatured: boolean; displayOnHomepage: boolean; shortDescription?: string | undefined; ... 9 more ...; keyFeatures?: string | undefined; }, { ...; }> | Promise<...>'.
            Type 'ResolverSuccess<TFieldValues>' is not assignable to type 'ResolverSuccess<{ title: string; slug: string; category: ProjectCategory; status: ProjectStatus; isFeatured: boolean; displayOnHomepage: boolean; shortDescription?: string | undefined; ... 9 more ...; keyFeatures?: string | undefined; }>'.
              Type 'TFieldValues' is not assignable to type '{ title: string; slug: string; category: ProjectCategory; status: ProjectStatus; isFeatured: boolean; displayOnHomepage: boolean; shortDescription?: string | undefined; ... 9 more ...; keyFeatures?: string | undefined; }'.
                Type 'FieldValues' is missing the following properties from type '{ title: string; slug: string; category: ProjectCategory; status: ProjectStatus; isFeatured: boolean; displayOnHomepage: boolean; shortDescription?: string | undefined; ... 9 more ...; keyFeatures?: string | undefined; }': title, slug, category, status, and 2 more.
app/(admin)/dashboard/projects/[id]/edit/page.tsx(232,40): error TS2322: Type 'Control<{ title: string; slug: string; category: ProjectCategory; status: ProjectStatus; isFeatured: boolean; displayOnHomepage: boolean; shortDescription?: string | undefined; ... 9 more ...; keyFeatures?: string | undefined; }, any, TFieldValues>' is not assignable to type 'Control<{ title: string; slug: string; category: ProjectCategory; status: ProjectStatus; isFeatured: boolean; displayOnHomepage: boolean; shortDescription?: string | undefined; ... 9 more ...; keyFeatures?: string | undefined; }, any, { ...; }>'.
  The types of '_options.resolver' are incompatible between these types.
    Type 'Resolver<{ title: string; slug: string; category: ProjectCategory; status: ProjectStatus; isFeatured: boolean; displayOnHomepage: boolean; shortDescription?: string | undefined; ... 9 more ...; keyFeatures?: string | undefined; }, any, TFieldValues> | undefined' is not assignable to type 'Resolver<{ title: string; slug: string; category: ProjectCategory; status: ProjectStatus; isFeatured: boolean; displayOnHomepage: boolean; shortDescription?: string | undefined; ... 9 more ...; keyFeatures?: string | undefined; }, any, { ...; }> | undefined'.
      Type 'Resolver<{ title: string; slug: string; category: ProjectCategory; status: ProjectStatus; isFeatured: boolean; displayOnHomepage: boolean; shortDescription?: string | undefined; ... 9 more ...; keyFeatures?: string | undefined; }, any, TFieldValues>' is not assignable to type 'Resolver<{ title: string; slug: string; category: ProjectCategory; status: ProjectStatus; isFeatured: boolean; displayOnHomepage: boolean; shortDescription?: string | undefined; ... 9 more ...; keyFeatures?: string | undefined; }, any, { ...; }>'.
        Type 'ResolverResult<{ title: string; slug: string; category: ProjectCategory; status: ProjectStatus; isFeatured: boolean; displayOnHomepage: boolean; shortDescription?: string | undefined; ... 9 more ...; keyFeatures?: string | undefined; }, TFieldValues> | Promise<...>' is not assignable to type 'ResolverResult<{ title: string; slug: string; category: ProjectCategory; status: ProjectStatus; isFeatured: boolean; displayOnHomepage: boolean; shortDescription?: string | undefined; ... 9 more ...; keyFeatures?: string | undefined; }, { ...; }> | Promise<...>'.
          Type 'ResolverSuccess<TFieldValues>' is not assignable to type 'ResolverResult<{ title: string; slug: string; category: ProjectCategory; status: ProjectStatus; isFeatured: boolean; displayOnHomepage: boolean; shortDescription?: string | undefined; ... 9 more ...; keyFeatures?: string | undefined; }, { ...; }> | Promise<...>'.
            Type 'ResolverSuccess<TFieldValues>' is not assignable to type 'ResolverSuccess<{ title: string; slug: string; category: ProjectCategory; status: ProjectStatus; isFeatured: boolean; displayOnHomepage: boolean; shortDescription?: string | undefined; ... 9 more ...; keyFeatures?: string | undefined; }>'.
              Type 'TFieldValues' is not assignable to type '{ title: string; slug: string; category: ProjectCategory; status: ProjectStatus; isFeatured: boolean; displayOnHomepage: boolean; shortDescription?: string | undefined; ... 9 more ...; keyFeatures?: string | undefined; }'.
                Type 'FieldValues' is missing the following properties from type '{ title: string; slug: string; category: ProjectCategory; status: ProjectStatus; isFeatured: boolean; displayOnHomepage: boolean; shortDescription?: string | undefined; ... 9 more ...; keyFeatures?: string | undefined; }': title, slug, category, status, and 2 more.
app/(admin)/dashboard/projects/[id]/edit/page.tsx(239,40): error TS2322: Type 'Control<{ title: string; slug: string; category: ProjectCategory; status: ProjectStatus; isFeatured: boolean; displayOnHomepage: boolean; shortDescription?: string | undefined; ... 9 more ...; keyFeatures?: string | undefined; }, any, TFieldValues>' is not assignable to type 'Control<{ title: string; slug: string; category: ProjectCategory; status: ProjectStatus; isFeatured: boolean; displayOnHomepage: boolean; shortDescription?: string | undefined; ... 9 more ...; keyFeatures?: string | undefined; }, any, { ...; }>'.
  The types of '_options.resolver' are incompatible between these types.
    Type 'Resolver<{ title: string; slug: string; category: ProjectCategory; status: ProjectStatus; isFeatured: boolean; displayOnHomepage: boolean; shortDescription?: string | undefined; ... 9 more ...; keyFeatures?: string | undefined; }, any, TFieldValues> | undefined' is not assignable to type 'Resolver<{ title: string; slug: string; category: ProjectCategory; status: ProjectStatus; isFeatured: boolean; displayOnHomepage: boolean; shortDescription?: string | undefined; ... 9 more ...; keyFeatures?: string | undefined; }, any, { ...; }> | undefined'.
      Type 'Resolver<{ title: string; slug: string; category: ProjectCategory; status: ProjectStatus; isFeatured: boolean; displayOnHomepage: boolean; shortDescription?: string | undefined; ... 9 more ...; keyFeatures?: string | undefined; }, any, TFieldValues>' is not assignable to type 'Resolver<{ title: string; slug: string; category: ProjectCategory; status: ProjectStatus; isFeatured: boolean; displayOnHomepage: boolean; shortDescription?: string | undefined; ... 9 more ...; keyFeatures?: string | undefined; }, any, { ...; }>'.
        Type 'ResolverResult<{ title: string; slug: string; category: ProjectCategory; status: ProjectStatus; isFeatured: boolean; displayOnHomepage: boolean; shortDescription?: string | undefined; ... 9 more ...; keyFeatures?: string | undefined; }, TFieldValues> | Promise<...>' is not assignable to type 'ResolverResult<{ title: string; slug: string; category: ProjectCategory; status: ProjectStatus; isFeatured: boolean; displayOnHomepage: boolean; shortDescription?: string | undefined; ... 9 more ...; keyFeatures?: string | undefined; }, { ...; }> | Promise<...>'.
          Type 'ResolverSuccess<TFieldValues>' is not assignable to type 'ResolverResult<{ title: string; slug: string; category: ProjectCategory; status: ProjectStatus; isFeatured: boolean; displayOnHomepage: boolean; shortDescription?: string | undefined; ... 9 more ...; keyFeatures?: string | undefined; }, { ...; }> | Promise<...>'.
            Type 'ResolverSuccess<TFieldValues>' is not assignable to type 'ResolverSuccess<{ title: string; slug: string; category: ProjectCategory; status: ProjectStatus; isFeatured: boolean; displayOnHomepage: boolean; shortDescription?: string | undefined; ... 9 more ...; keyFeatures?: string | undefined; }>'.
              Type 'TFieldValues' is not assignable to type '{ title: string; slug: string; category: ProjectCategory; status: ProjectStatus; isFeatured: boolean; displayOnHomepage: boolean; shortDescription?: string | undefined; ... 9 more ...; keyFeatures?: string | undefined; }'.
                Type 'FieldValues' is missing the following properties from type '{ title: string; slug: string; category: ProjectCategory; status: ProjectStatus; isFeatured: boolean; displayOnHomepage: boolean; shortDescription?: string | undefined; ... 9 more ...; keyFeatures?: string | undefined; }': title, slug, category, status, and 2 more.
app/(admin)/dashboard/projects/[id]/edit/page.tsx(246,40): error TS2322: Type 'Control<{ title: string; slug: string; category: ProjectCategory; status: ProjectStatus; isFeatured: boolean; displayOnHomepage: boolean; shortDescription?: string | undefined; ... 9 more ...; keyFeatures?: string | undefined; }, any, TFieldValues>' is not assignable to type 'Control<{ title: string; slug: string; category: ProjectCategory; status: ProjectStatus; isFeatured: boolean; displayOnHomepage: boolean; shortDescription?: string | undefined; ... 9 more ...; keyFeatures?: string | undefined; }, any, { ...; }>'.
  The types of '_options.resolver' are incompatible between these types.
    Type 'Resolver<{ title: string; slug: string; category: ProjectCategory; status: ProjectStatus; isFeatured: boolean; displayOnHomepage: boolean; shortDescription?: string | undefined; ... 9 more ...; keyFeatures?: string | undefined; }, any, TFieldValues> | undefined' is not assignable to type 'Resolver<{ title: string; slug: string; category: ProjectCategory; status: ProjectStatus; isFeatured: boolean; displayOnHomepage: boolean; shortDescription?: string | undefined; ... 9 more ...; keyFeatures?: string | undefined; }, any, { ...; }> | undefined'.
      Type 'Resolver<{ title: string; slug: string; category: ProjectCategory; status: ProjectStatus; isFeatured: boolean; displayOnHomepage: boolean; shortDescription?: string | undefined; ... 9 more ...; keyFeatures?: string | undefined; }, any, TFieldValues>' is not assignable to type 'Resolver<{ title: string; slug: string; category: ProjectCategory; status: ProjectStatus; isFeatured: boolean; displayOnHomepage: boolean; shortDescription?: string | undefined; ... 9 more ...; keyFeatures?: string | undefined; }, any, { ...; }>'.
        Type 'ResolverResult<{ title: string; slug: string; category: ProjectCategory; status: ProjectStatus; isFeatured: boolean; displayOnHomepage: boolean; shortDescription?: string | undefined; ... 9 more ...; keyFeatures?: string | undefined; }, TFieldValues> | Promise<...>' is not assignable to type 'ResolverResult<{ title: string; slug: string; category: ProjectCategory; status: ProjectStatus; isFeatured: boolean; displayOnHomepage: boolean; shortDescription?: string | undefined; ... 9 more ...; keyFeatures?: string | undefined; }, { ...; }> | Promise<...>'.
          Type 'ResolverSuccess<TFieldValues>' is not assignable to type 'ResolverResult<{ title: string; slug: string; category: ProjectCategory; status: ProjectStatus; isFeatured: boolean; displayOnHomepage: boolean; shortDescription?: string | undefined; ... 9 more ...; keyFeatures?: string | undefined; }, { ...; }> | Promise<...>'.
            Type 'ResolverSuccess<TFieldValues>' is not assignable to type 'ResolverSuccess<{ title: string; slug: string; category: ProjectCategory; status: ProjectStatus; isFeatured: boolean; displayOnHomepage: boolean; shortDescription?: string | undefined; ... 9 more ...; keyFeatures?: string | undefined; }>'.
              Type 'TFieldValues' is not assignable to type '{ title: string; slug: string; category: ProjectCategory; status: ProjectStatus; isFeatured: boolean; displayOnHomepage: boolean; shortDescription?: string | undefined; ... 9 more ...; keyFeatures?: string | undefined; }'.
                Type 'FieldValues' is missing the following properties from type '{ title: string; slug: string; category: ProjectCategory; status: ProjectStatus; isFeatured: boolean; displayOnHomepage: boolean; shortDescription?: string | undefined; ... 9 more ...; keyFeatures?: string | undefined; }': title, slug, category, status, and 2 more.
app/(admin)/dashboard/projects/[id]/edit/page.tsx(259,40): error TS2322: Type 'Control<{ title: string; slug: string; category: ProjectCategory; status: ProjectStatus; isFeatured: boolean; displayOnHomepage: boolean; shortDescription?: string | undefined; ... 9 more ...; keyFeatures?: string | undefined; }, any, TFieldValues>' is not assignable to type 'Control<{ title: string; slug: string; category: ProjectCategory; status: ProjectStatus; isFeatured: boolean; displayOnHomepage: boolean; shortDescription?: string | undefined; ... 9 more ...; keyFeatures?: string | undefined; }, any, { ...; }>'.
  The types of '_options.resolver' are incompatible between these types.
    Type 'Resolver<{ title: string; slug: string; category: ProjectCategory; status: ProjectStatus; isFeatured: boolean; displayOnHomepage: boolean; shortDescription?: string | undefined; ... 9 more ...; keyFeatures?: string | undefined; }, any, TFieldValues> | undefined' is not assignable to type 'Resolver<{ title: string; slug: string; category: ProjectCategory; status: ProjectStatus; isFeatured: boolean; displayOnHomepage: boolean; shortDescription?: string | undefined; ... 9 more ...; keyFeatures?: string | undefined; }, any, { ...; }> | undefined'.
      Type 'Resolver<{ title: string; slug: string; category: ProjectCategory; status: ProjectStatus; isFeatured: boolean; displayOnHomepage: boolean; shortDescription?: string | undefined; ... 9 more ...; keyFeatures?: string | undefined; }, any, TFieldValues>' is not assignable to type 'Resolver<{ title: string; slug: string; category: ProjectCategory; status: ProjectStatus; isFeatured: boolean; displayOnHomepage: boolean; shortDescription?: string | undefined; ... 9 more ...; keyFeatures?: string | undefined; }, any, { ...; }>'.
        Type 'ResolverResult<{ title: string; slug: string; category: ProjectCategory; status: ProjectStatus; isFeatured: boolean; displayOnHomepage: boolean; shortDescription?: string | undefined; ... 9 more ...; keyFeatures?: string | undefined; }, TFieldValues> | Promise<...>' is not assignable to type 'ResolverResult<{ title: string; slug: string; category: ProjectCategory; status: ProjectStatus; isFeatured: boolean; displayOnHomepage: boolean; shortDescription?: string | undefined; ... 9 more ...; keyFeatures?: string | undefined; }, { ...; }> | Promise<...>'.
          Type 'ResolverSuccess<TFieldValues>' is not assignable to type 'ResolverResult<{ title: string; slug: string; category: ProjectCategory; status: ProjectStatus; isFeatured: boolean; displayOnHomepage: boolean; shortDescription?: string | undefined; ... 9 more ...; keyFeatures?: string | undefined; }, { ...; }> | Promise<...>'.
            Type 'ResolverSuccess<TFieldValues>' is not assignable to type 'ResolverSuccess<{ title: string; slug: string; category: ProjectCategory; status: ProjectStatus; isFeatured: boolean; displayOnHomepage: boolean; shortDescription?: string | undefined; ... 9 more ...; keyFeatures?: string | undefined; }>'.
              Type 'TFieldValues' is not assignable to type '{ title: string; slug: string; category: ProjectCategory; status: ProjectStatus; isFeatured: boolean; displayOnHomepage: boolean; shortDescription?: string | undefined; ... 9 more ...; keyFeatures?: string | undefined; }'.
                Type 'FieldValues' is missing the following properties from type '{ title: string; slug: string; category: ProjectCategory; status: ProjectStatus; isFeatured: boolean; displayOnHomepage: boolean; shortDescription?: string | undefined; ... 9 more ...; keyFeatures?: string | undefined; }': title, slug, category, status, and 2 more.
app/(admin)/dashboard/projects/[id]/edit/page.tsx(266,40): error TS2322: Type 'Control<{ title: string; slug: string; category: ProjectCategory; status: ProjectStatus; isFeatured: boolean; displayOnHomepage: boolean; shortDescription?: string | undefined; ... 9 more ...; keyFeatures?: string | undefined; }, any, TFieldValues>' is not assignable to type 'Control<{ title: string; slug: string; category: ProjectCategory; status: ProjectStatus; isFeatured: boolean; displayOnHomepage: boolean; shortDescription?: string | undefined; ... 9 more ...; keyFeatures?: string | undefined; }, any, { ...; }>'.
  The types of '_options.resolver' are incompatible between these types.
    Type 'Resolver<{ title: string; slug: string; category: ProjectCategory; status: ProjectStatus; isFeatured: boolean; displayOnHomepage: boolean; shortDescription?: string | undefined; ... 9 more ...; keyFeatures?: string | undefined; }, any, TFieldValues> | undefined' is not assignable to type 'Resolver<{ title: string; slug: string; category: ProjectCategory; status: ProjectStatus; isFeatured: boolean; displayOnHomepage: boolean; shortDescription?: string | undefined; ... 9 more ...; keyFeatures?: string | undefined; }, any, { ...; }> | undefined'.
      Type 'Resolver<{ title: string; slug: string; category: ProjectCategory; status: ProjectStatus; isFeatured: boolean; displayOnHomepage: boolean; shortDescription?: string | undefined; ... 9 more ...; keyFeatures?: string | undefined; }, any, TFieldValues>' is not assignable to type 'Resolver<{ title: string; slug: string; category: ProjectCategory; status: ProjectStatus; isFeatured: boolean; displayOnHomepage: boolean; shortDescription?: string | undefined; ... 9 more ...; keyFeatures?: string | undefined; }, any, { ...; }>'.
        Type 'ResolverResult<{ title: string; slug: string; category: ProjectCategory; status: ProjectStatus; isFeatured: boolean; displayOnHomepage: boolean; shortDescription?: string | undefined; ... 9 more ...; keyFeatures?: string | undefined; }, TFieldValues> | Promise<...>' is not assignable to type 'ResolverResult<{ title: string; slug: string; category: ProjectCategory; status: ProjectStatus; isFeatured: boolean; displayOnHomepage: boolean; shortDescription?: string | undefined; ... 9 more ...; keyFeatures?: string | undefined; }, { ...; }> | Promise<...>'.
          Type 'ResolverSuccess<TFieldValues>' is not assignable to type 'ResolverResult<{ title: string; slug: string; category: ProjectCategory; status: ProjectStatus; isFeatured: boolean; displayOnHomepage: boolean; shortDescription?: string | undefined; ... 9 more ...; keyFeatures?: string | undefined; }, { ...; }> | Promise<...>'.
            Type 'ResolverSuccess<TFieldValues>' is not assignable to type 'ResolverSuccess<{ title: string; slug: string; category: ProjectCategory; status: ProjectStatus; isFeatured: boolean; displayOnHomepage: boolean; shortDescription?: string | undefined; ... 9 more ...; keyFeatures?: string | undefined; }>'.
              Type 'TFieldValues' is not assignable to type '{ title: string; slug: string; category: ProjectCategory; status: ProjectStatus; isFeatured: boolean; displayOnHomepage: boolean; shortDescription?: string | undefined; ... 9 more ...; keyFeatures?: string | undefined; }'.
                Type 'FieldValues' is missing the following properties from type '{ title: string; slug: string; category: ProjectCategory; status: ProjectStatus; isFeatured: boolean; displayOnHomepage: boolean; shortDescription?: string | undefined; ... 9 more ...; keyFeatures?: string | undefined; }': title, slug, category, status, and 2 more.
app/(admin)/dashboard/projects/[id]/edit/page.tsx(273,40): error TS2322: Type 'Control<{ title: string; slug: string; category: ProjectCategory; status: ProjectStatus; isFeatured: boolean; displayOnHomepage: boolean; shortDescription?: string | undefined; ... 9 more ...; keyFeatures?: string | undefined; }, any, TFieldValues>' is not assignable to type 'Control<{ title: string; slug: string; category: ProjectCategory; status: ProjectStatus; isFeatured: boolean; displayOnHomepage: boolean; shortDescription?: string | undefined; ... 9 more ...; keyFeatures?: string | undefined; }, any, { ...; }>'.
  The types of '_options.resolver' are incompatible between these types.
    Type 'Resolver<{ title: string; slug: string; category: ProjectCategory; status: ProjectStatus; isFeatured: boolean; displayOnHomepage: boolean; shortDescription?: string | undefined; ... 9 more ...; keyFeatures?: string | undefined; }, any, TFieldValues> | undefined' is not assignable to type 'Resolver<{ title: string; slug: string; category: ProjectCategory; status: ProjectStatus; isFeatured: boolean; displayOnHomepage: boolean; shortDescription?: string | undefined; ... 9 more ...; keyFeatures?: string | undefined; }, any, { ...; }> | undefined'.
      Type 'Resolver<{ title: string; slug: string; category: ProjectCategory; status: ProjectStatus; isFeatured: boolean; displayOnHomepage: boolean; shortDescription?: string | undefined; ... 9 more ...; keyFeatures?: string | undefined; }, any, TFieldValues>' is not assignable to type 'Resolver<{ title: string; slug: string; category: ProjectCategory; status: ProjectStatus; isFeatured: boolean; displayOnHomepage: boolean; shortDescription?: string | undefined; ... 9 more ...; keyFeatures?: string | undefined; }, any, { ...; }>'.
        Type 'ResolverResult<{ title: string; slug: string; category: ProjectCategory; status: ProjectStatus; isFeatured: boolean; displayOnHomepage: boolean; shortDescription?: string | undefined; ... 9 more ...; keyFeatures?: string | undefined; }, TFieldValues> | Promise<...>' is not assignable to type 'ResolverResult<{ title: string; slug: string; category: ProjectCategory; status: ProjectStatus; isFeatured: boolean; displayOnHomepage: boolean; shortDescription?: string | undefined; ... 9 more ...; keyFeatures?: string | undefined; }, { ...; }> | Promise<...>'.
          Type 'ResolverSuccess<TFieldValues>' is not assignable to type 'ResolverResult<{ title: string; slug: string; category: ProjectCategory; status: ProjectStatus; isFeatured: boolean; displayOnHomepage: boolean; shortDescription?: string | undefined; ... 9 more ...; keyFeatures?: string | undefined; }, { ...; }> | Promise<...>'.
            Type 'ResolverSuccess<TFieldValues>' is not assignable to type 'ResolverSuccess<{ title: string; slug: string; category: ProjectCategory; status: ProjectStatus; isFeatured: boolean; displayOnHomepage: boolean; shortDescription?: string | undefined; ... 9 more ...; keyFeatures?: string | undefined; }>'.
              Type 'TFieldValues' is not assignable to type '{ title: string; slug: string; category: ProjectCategory; status: ProjectStatus; isFeatured: boolean; displayOnHomepage: boolean; shortDescription?: string | undefined; ... 9 more ...; keyFeatures?: string | undefined; }'.
                Type 'FieldValues' is missing the following properties from type '{ title: string; slug: string; category: ProjectCategory; status: ProjectStatus; isFeatured: boolean; displayOnHomepage: boolean; shortDescription?: string | undefined; ... 9 more ...; keyFeatures?: string | undefined; }': title, slug, category, status, and 2 more.
app/(admin)/dashboard/projects/[id]/edit/page.tsx(286,40): error TS2322: Type 'Control<{ title: string; slug: string; category: ProjectCategory; status: ProjectStatus; isFeatured: boolean; displayOnHomepage: boolean; shortDescription?: string | undefined; ... 9 more ...; keyFeatures?: string | undefined; }, any, TFieldValues>' is not assignable to type 'Control<{ title: string; slug: string; category: ProjectCategory; status: ProjectStatus; isFeatured: boolean; displayOnHomepage: boolean; shortDescription?: string | undefined; ... 9 more ...; keyFeatures?: string | undefined; }, any, { ...; }>'.
  The types of '_options.resolver' are incompatible between these types.
    Type 'Resolver<{ title: string; slug: string; category: ProjectCategory; status: ProjectStatus; isFeatured: boolean; displayOnHomepage: boolean; shortDescription?: string | undefined; ... 9 more ...; keyFeatures?: string | undefined; }, any, TFieldValues> | undefined' is not assignable to type 'Resolver<{ title: string; slug: string; category: ProjectCategory; status: ProjectStatus; isFeatured: boolean; displayOnHomepage: boolean; shortDescription?: string | undefined; ... 9 more ...; keyFeatures?: string | undefined; }, any, { ...; }> | undefined'.
      Type 'Resolver<{ title: string; slug: string; category: ProjectCategory; status: ProjectStatus; isFeatured: boolean; displayOnHomepage: boolean; shortDescription?: string | undefined; ... 9 more ...; keyFeatures?: string | undefined; }, any, TFieldValues>' is not assignable to type 'Resolver<{ title: string; slug: string; category: ProjectCategory; status: ProjectStatus; isFeatured: boolean; displayOnHomepage: boolean; shortDescription?: string | undefined; ... 9 more ...; keyFeatures?: string | undefined; }, any, { ...; }>'.
        Type 'ResolverResult<{ title: string; slug: string; category: ProjectCategory; status: ProjectStatus; isFeatured: boolean; displayOnHomepage: boolean; shortDescription?: string | undefined; ... 9 more ...; keyFeatures?: string | undefined; }, TFieldValues> | Promise<...>' is not assignable to type 'ResolverResult<{ title: string; slug: string; category: ProjectCategory; status: ProjectStatus; isFeatured: boolean; displayOnHomepage: boolean; shortDescription?: string | undefined; ... 9 more ...; keyFeatures?: string | undefined; }, { ...; }> | Promise<...>'.
          Type 'ResolverSuccess<TFieldValues>' is not assignable to type 'ResolverResult<{ title: string; slug: string; category: ProjectCategory; status: ProjectStatus; isFeatured: boolean; displayOnHomepage: boolean; shortDescription?: string | undefined; ... 9 more ...; keyFeatures?: string | undefined; }, { ...; }> | Promise<...>'.
            Type 'ResolverSuccess<TFieldValues>' is not assignable to type 'ResolverSuccess<{ title: string; slug: string; category: ProjectCategory; status: ProjectStatus; isFeatured: boolean; displayOnHomepage: boolean; shortDescription?: string | undefined; ... 9 more ...; keyFeatures?: string | undefined; }>'.
              Type 'TFieldValues' is not assignable to type '{ title: string; slug: string; category: ProjectCategory; status: ProjectStatus; isFeatured: boolean; displayOnHomepage: boolean; shortDescription?: string | undefined; ... 9 more ...; keyFeatures?: string | undefined; }'.
                Type 'FieldValues' is missing the following properties from type '{ title: string; slug: string; category: ProjectCategory; status: ProjectStatus; isFeatured: boolean; displayOnHomepage: boolean; shortDescription?: string | undefined; ... 9 more ...; keyFeatures?: string | undefined; }': title, slug, category, status, and 2 more.
app/(admin)/dashboard/projects/[id]/edit/page.tsx(292,40): error TS2322: Type 'Control<{ title: string; slug: string; category: ProjectCategory; status: ProjectStatus; isFeatured: boolean; displayOnHomepage: boolean; shortDescription?: string | undefined; ... 9 more ...; keyFeatures?: string | undefined; }, any, TFieldValues>' is not assignable to type 'Control<{ title: string; slug: string; category: ProjectCategory; status: ProjectStatus; isFeatured: boolean; displayOnHomepage: boolean; shortDescription?: string | undefined; ... 9 more ...; keyFeatures?: string | undefined; }, any, { ...; }>'.
  The types of '_options.resolver' are incompatible between these types.
    Type 'Resolver<{ title: string; slug: string; category: ProjectCategory; status: ProjectStatus; isFeatured: boolean; displayOnHomepage: boolean; shortDescription?: string | undefined; ... 9 more ...; keyFeatures?: string | undefined; }, any, TFieldValues> | undefined' is not assignable to type 'Resolver<{ title: string; slug: string; category: ProjectCategory; status: ProjectStatus; isFeatured: boolean; displayOnHomepage: boolean; shortDescription?: string | undefined; ... 9 more ...; keyFeatures?: string | undefined; }, any, { ...; }> | undefined'.
      Type 'Resolver<{ title: string; slug: string; category: ProjectCategory; status: ProjectStatus; isFeatured: boolean; displayOnHomepage: boolean; shortDescription?: string | undefined; ... 9 more ...; keyFeatures?: string | undefined; }, any, TFieldValues>' is not assignable to type 'Resolver<{ title: string; slug: string; category: ProjectCategory; status: ProjectStatus; isFeatured: boolean; displayOnHomepage: boolean; shortDescription?: string | undefined; ... 9 more ...; keyFeatures?: string | undefined; }, any, { ...; }>'.
        Type 'ResolverResult<{ title: string; slug: string; category: ProjectCategory; status: ProjectStatus; isFeatured: boolean; displayOnHomepage: boolean; shortDescription?: string | undefined; ... 9 more ...; keyFeatures?: string | undefined; }, TFieldValues> | Promise<...>' is not assignable to type 'ResolverResult<{ title: string; slug: string; category: ProjectCategory; status: ProjectStatus; isFeatured: boolean; displayOnHomepage: boolean; shortDescription?: string | undefined; ... 9 more ...; keyFeatures?: string | undefined; }, { ...; }> | Promise<...>'.
          Type 'ResolverSuccess<TFieldValues>' is not assignable to type 'ResolverResult<{ title: string; slug: string; category: ProjectCategory; status: ProjectStatus; isFeatured: boolean; displayOnHomepage: boolean; shortDescription?: string | undefined; ... 9 more ...; keyFeatures?: string | undefined; }, { ...; }> | Promise<...>'.
            Type 'ResolverSuccess<TFieldValues>' is not assignable to type 'ResolverSuccess<{ title: string; slug: string; category: ProjectCategory; status: ProjectStatus; isFeatured: boolean; displayOnHomepage: boolean; shortDescription?: string | undefined; ... 9 more ...; keyFeatures?: string | undefined; }>'.
              Type 'TFieldValues' is not assignable to type '{ title: string; slug: string; category: ProjectCategory; status: ProjectStatus; isFeatured: boolean; displayOnHomepage: boolean; shortDescription?: string | undefined; ... 9 more ...; keyFeatures?: string | undefined; }'.
                Type 'FieldValues' is missing the following properties from type '{ title: string; slug: string; category: ProjectCategory; status: ProjectStatus; isFeatured: boolean; displayOnHomepage: boolean; shortDescription?: string | undefined; ... 9 more ...; keyFeatures?: string | undefined; }': title, slug, category, status, and 2 more.
app/(admin)/dashboard/projects/new/page.tsx(57,9): error TS2322: Type 'Resolver<{ title: string; slug: string; category: ProjectCategory; status: ProjectStatus; shortDescription?: string | undefined; fullDescription?: string | undefined; ... 10 more ...; displayOnHomepage?: boolean | undefined; }, any, { ...; }>' is not assignable to type 'Resolver<{ title: string; slug: string; category: ProjectCategory; status: ProjectStatus; isFeatured: boolean; displayOnHomepage: boolean; shortDescription?: string | undefined; ... 9 more ...; keyFeatures?: string | undefined; }, any, { ...; }>'.
  Types of parameters 'options' and 'options' are incompatible.
    Type 'ResolverOptions<{ title: string; slug: string; category: ProjectCategory; status: ProjectStatus; isFeatured: boolean; displayOnHomepage: boolean; shortDescription?: string | undefined; ... 9 more ...; keyFeatures?: string | undefined; }>' is not assignable to type 'ResolverOptions<{ title: string; slug: string; category: ProjectCategory; status: ProjectStatus; shortDescription?: string | undefined; fullDescription?: string | undefined; ... 10 more ...; displayOnHomepage?: boolean | undefined; }>'.
      Type 'boolean | undefined' is not assignable to type 'boolean'.
        Type 'undefined' is not assignable to type 'boolean'.
app/(admin)/dashboard/projects/new/page.tsx(113,80): error TS2345: Argument of type 'TFieldValues' is not assignable to parameter of type '{ title: string; slug: string; category: ProjectCategory; status: ProjectStatus; isFeatured: boolean; displayOnHomepage: boolean; shortDescription?: string | undefined; ... 9 more ...; keyFeatures?: string | undefined; }'.
  Type 'FieldValues' is missing the following properties from type '{ title: string; slug: string; category: ProjectCategory; status: ProjectStatus; isFeatured: boolean; displayOnHomepage: boolean; shortDescription?: string | undefined; ... 9 more ...; keyFeatures?: string | undefined; }': title, slug, category, status, and 2 more.
app/(admin)/dashboard/projects/new/page.tsx(117,40): error TS2322: Type 'Control<{ title: string; slug: string; category: ProjectCategory; status: ProjectStatus; isFeatured: boolean; displayOnHomepage: boolean; shortDescription?: string | undefined; ... 9 more ...; keyFeatures?: string | undefined; }, any, TFieldValues>' is not assignable to type 'Control<{ title: string; slug: string; category: ProjectCategory; status: ProjectStatus; isFeatured: boolean; displayOnHomepage: boolean; shortDescription?: string | undefined; ... 9 more ...; keyFeatures?: string | undefined; }, any, { ...; }>'.
  The types of '_options.resolver' are incompatible between these types.
    Type 'Resolver<{ title: string; slug: string; category: ProjectCategory; status: ProjectStatus; isFeatured: boolean; displayOnHomepage: boolean; shortDescription?: string | undefined; ... 9 more ...; keyFeatures?: string | undefined; }, any, TFieldValues> | undefined' is not assignable to type 'Resolver<{ title: string; slug: string; category: ProjectCategory; status: ProjectStatus; isFeatured: boolean; displayOnHomepage: boolean; shortDescription?: string | undefined; ... 9 more ...; keyFeatures?: string | undefined; }, any, { ...; }> | undefined'.
      Type 'Resolver<{ title: string; slug: string; category: ProjectCategory; status: ProjectStatus; isFeatured: boolean; displayOnHomepage: boolean; shortDescription?: string | undefined; ... 9 more ...; keyFeatures?: string | undefined; }, any, TFieldValues>' is not assignable to type 'Resolver<{ title: string; slug: string; category: ProjectCategory; status: ProjectStatus; isFeatured: boolean; displayOnHomepage: boolean; shortDescription?: string | undefined; ... 9 more ...; keyFeatures?: string | undefined; }, any, { ...; }>'.
        Type 'ResolverResult<{ title: string; slug: string; category: ProjectCategory; status: ProjectStatus; isFeatured: boolean; displayOnHomepage: boolean; shortDescription?: string | undefined; ... 9 more ...; keyFeatures?: string | undefined; }, TFieldValues> | Promise<...>' is not assignable to type 'ResolverResult<{ title: string; slug: string; category: ProjectCategory; status: ProjectStatus; isFeatured: boolean; displayOnHomepage: boolean; shortDescription?: string | undefined; ... 9 more ...; keyFeatures?: string | undefined; }, { ...; }> | Promise<...>'.
          Type 'ResolverSuccess<TFieldValues>' is not assignable to type 'ResolverResult<{ title: string; slug: string; category: ProjectCategory; status: ProjectStatus; isFeatured: boolean; displayOnHomepage: boolean; shortDescription?: string | undefined; ... 9 more ...; keyFeatures?: string | undefined; }, { ...; }> | Promise<...>'.
            Type 'ResolverSuccess<TFieldValues>' is not assignable to type 'ResolverSuccess<{ title: string; slug: string; category: ProjectCategory; status: ProjectStatus; isFeatured: boolean; displayOnHomepage: boolean; shortDescription?: string | undefined; ... 9 more ...; keyFeatures?: string | undefined; }>'.
              Type 'TFieldValues' is not assignable to type '{ title: string; slug: string; category: ProjectCategory; status: ProjectStatus; isFeatured: boolean; displayOnHomepage: boolean; shortDescription?: string | undefined; ... 9 more ...; keyFeatures?: string | undefined; }'.
                Type 'FieldValues' is missing the following properties from type '{ title: string; slug: string; category: ProjectCategory; status: ProjectStatus; isFeatured: boolean; displayOnHomepage: boolean; shortDescription?: string | undefined; ... 9 more ...; keyFeatures?: string | undefined; }': title, slug, category, status, and 2 more.
app/(admin)/dashboard/projects/new/page.tsx(126,40): error TS2322: Type 'Control<{ title: string; slug: string; category: ProjectCategory; status: ProjectStatus; isFeatured: boolean; displayOnHomepage: boolean; shortDescription?: string | undefined; ... 9 more ...; keyFeatures?: string | undefined; }, any, TFieldValues>' is not assignable to type 'Control<{ title: string; slug: string; category: ProjectCategory; status: ProjectStatus; isFeatured: boolean; displayOnHomepage: boolean; shortDescription?: string | undefined; ... 9 more ...; keyFeatures?: string | undefined; }, any, { ...; }>'.
  The types of '_options.resolver' are incompatible between these types.
    Type 'Resolver<{ title: string; slug: string; category: ProjectCategory; status: ProjectStatus; isFeatured: boolean; displayOnHomepage: boolean; shortDescription?: string | undefined; ... 9 more ...; keyFeatures?: string | undefined; }, any, TFieldValues> | undefined' is not assignable to type 'Resolver<{ title: string; slug: string; category: ProjectCategory; status: ProjectStatus; isFeatured: boolean; displayOnHomepage: boolean; shortDescription?: string | undefined; ... 9 more ...; keyFeatures?: string | undefined; }, any, { ...; }> | undefined'.
      Type 'Resolver<{ title: string; slug: string; category: ProjectCategory; status: ProjectStatus; isFeatured: boolean; displayOnHomepage: boolean; shortDescription?: string | undefined; ... 9 more ...; keyFeatures?: string | undefined; }, any, TFieldValues>' is not assignable to type 'Resolver<{ title: string; slug: string; category: ProjectCategory; status: ProjectStatus; isFeatured: boolean; displayOnHomepage: boolean; shortDescription?: string | undefined; ... 9 more ...; keyFeatures?: string | undefined; }, any, { ...; }>'.
        Type 'ResolverResult<{ title: string; slug: string; category: ProjectCategory; status: ProjectStatus; isFeatured: boolean; displayOnHomepage: boolean; shortDescription?: string | undefined; ... 9 more ...; keyFeatures?: string | undefined; }, TFieldValues> | Promise<...>' is not assignable to type 'ResolverResult<{ title: string; slug: string; category: ProjectCategory; status: ProjectStatus; isFeatured: boolean; displayOnHomepage: boolean; shortDescription?: string | undefined; ... 9 more ...; keyFeatures?: string | undefined; }, { ...; }> | Promise<...>'.
          Type 'ResolverSuccess<TFieldValues>' is not assignable to type 'ResolverResult<{ title: string; slug: string; category: ProjectCategory; status: ProjectStatus; isFeatured: boolean; displayOnHomepage: boolean; shortDescription?: string | undefined; ... 9 more ...; keyFeatures?: string | undefined; }, { ...; }> | Promise<...>'.
            Type 'ResolverSuccess<TFieldValues>' is not assignable to type 'ResolverSuccess<{ title: string; slug: string; category: ProjectCategory; status: ProjectStatus; isFeatured: boolean; displayOnHomepage: boolean; shortDescription?: string | undefined; ... 9 more ...; keyFeatures?: string | undefined; }>'.
              Type 'TFieldValues' is not assignable to type '{ title: string; slug: string; category: ProjectCategory; status: ProjectStatus; isFeatured: boolean; displayOnHomepage: boolean; shortDescription?: string | undefined; ... 9 more ...; keyFeatures?: string | undefined; }'.
                Type 'FieldValues' is missing the following properties from type '{ title: string; slug: string; category: ProjectCategory; status: ProjectStatus; isFeatured: boolean; displayOnHomepage: boolean; shortDescription?: string | undefined; ... 9 more ...; keyFeatures?: string | undefined; }': title, slug, category, status, and 2 more.
app/(admin)/dashboard/projects/new/page.tsx(133,40): error TS2322: Type 'Control<{ title: string; slug: string; category: ProjectCategory; status: ProjectStatus; isFeatured: boolean; displayOnHomepage: boolean; shortDescription?: string | undefined; ... 9 more ...; keyFeatures?: string | undefined; }, any, TFieldValues>' is not assignable to type 'Control<{ title: string; slug: string; category: ProjectCategory; status: ProjectStatus; isFeatured: boolean; displayOnHomepage: boolean; shortDescription?: string | undefined; ... 9 more ...; keyFeatures?: string | undefined; }, any, { ...; }>'.
  The types of '_options.resolver' are incompatible between these types.
    Type 'Resolver<{ title: string; slug: string; category: ProjectCategory; status: ProjectStatus; isFeatured: boolean; displayOnHomepage: boolean; shortDescription?: string | undefined; ... 9 more ...; keyFeatures?: string | undefined; }, any, TFieldValues> | undefined' is not assignable to type 'Resolver<{ title: string; slug: string; category: ProjectCategory; status: ProjectStatus; isFeatured: boolean; displayOnHomepage: boolean; shortDescription?: string | undefined; ... 9 more ...; keyFeatures?: string | undefined; }, any, { ...; }> | undefined'.
      Type 'Resolver<{ title: string; slug: string; category: ProjectCategory; status: ProjectStatus; isFeatured: boolean; displayOnHomepage: boolean; shortDescription?: string | undefined; ... 9 more ...; keyFeatures?: string | undefined; }, any, TFieldValues>' is not assignable to type 'Resolver<{ title: string; slug: string; category: ProjectCategory; status: ProjectStatus; isFeatured: boolean; displayOnHomepage: boolean; shortDescription?: string | undefined; ... 9 more ...; keyFeatures?: string | undefined; }, any, { ...; }>'.
        Type 'ResolverResult<{ title: string; slug: string; category: ProjectCategory; status: ProjectStatus; isFeatured: boolean; displayOnHomepage: boolean; shortDescription?: string | undefined; ... 9 more ...; keyFeatures?: string | undefined; }, TFieldValues> | Promise<...>' is not assignable to type 'ResolverResult<{ title: string; slug: string; category: ProjectCategory; status: ProjectStatus; isFeatured: boolean; displayOnHomepage: boolean; shortDescription?: string | undefined; ... 9 more ...; keyFeatures?: string | undefined; }, { ...; }> | Promise<...>'.
          Type 'ResolverSuccess<TFieldValues>' is not assignable to type 'ResolverResult<{ title: string; slug: string; category: ProjectCategory; status: ProjectStatus; isFeatured: boolean; displayOnHomepage: boolean; shortDescription?: string | undefined; ... 9 more ...; keyFeatures?: string | undefined; }, { ...; }> | Promise<...>'.
            Type 'ResolverSuccess<TFieldValues>' is not assignable to type 'ResolverSuccess<{ title: string; slug: string; category: ProjectCategory; status: ProjectStatus; isFeatured: boolean; displayOnHomepage: boolean; shortDescription?: string | undefined; ... 9 more ...; keyFeatures?: string | undefined; }>'.
              Type 'TFieldValues' is not assignable to type '{ title: string; slug: string; category: ProjectCategory; status: ProjectStatus; isFeatured: boolean; displayOnHomepage: boolean; shortDescription?: string | undefined; ... 9 more ...; keyFeatures?: string | undefined; }'.
                Type 'FieldValues' is missing the following properties from type '{ title: string; slug: string; category: ProjectCategory; status: ProjectStatus; isFeatured: boolean; displayOnHomepage: boolean; shortDescription?: string | undefined; ... 9 more ...; keyFeatures?: string | undefined; }': title, slug, category, status, and 2 more.
app/(admin)/dashboard/projects/new/page.tsx(140,40): error TS2322: Type 'Control<{ title: string; slug: string; category: ProjectCategory; status: ProjectStatus; isFeatured: boolean; displayOnHomepage: boolean; shortDescription?: string | undefined; ... 9 more ...; keyFeatures?: string | undefined; }, any, TFieldValues>' is not assignable to type 'Control<{ title: string; slug: string; category: ProjectCategory; status: ProjectStatus; isFeatured: boolean; displayOnHomepage: boolean; shortDescription?: string | undefined; ... 9 more ...; keyFeatures?: string | undefined; }, any, { ...; }>'.
  The types of '_options.resolver' are incompatible between these types.
    Type 'Resolver<{ title: string; slug: string; category: ProjectCategory; status: ProjectStatus; isFeatured: boolean; displayOnHomepage: boolean; shortDescription?: string | undefined; ... 9 more ...; keyFeatures?: string | undefined; }, any, TFieldValues> | undefined' is not assignable to type 'Resolver<{ title: string; slug: string; category: ProjectCategory; status: ProjectStatus; isFeatured: boolean; displayOnHomepage: boolean; shortDescription?: string | undefined; ... 9 more ...; keyFeatures?: string | undefined; }, any, { ...; }> | undefined'.
      Type 'Resolver<{ title: string; slug: string; category: ProjectCategory; status: ProjectStatus; isFeatured: boolean; displayOnHomepage: boolean; shortDescription?: string | undefined; ... 9 more ...; keyFeatures?: string | undefined; }, any, TFieldValues>' is not assignable to type 'Resolver<{ title: string; slug: string; category: ProjectCategory; status: ProjectStatus; isFeatured: boolean; displayOnHomepage: boolean; shortDescription?: string | undefined; ... 9 more ...; keyFeatures?: string | undefined; }, any, { ...; }>'.
        Type 'ResolverResult<{ title: string; slug: string; category: ProjectCategory; status: ProjectStatus; isFeatured: boolean; displayOnHomepage: boolean; shortDescription?: string | undefined; ... 9 more ...; keyFeatures?: string | undefined; }, TFieldValues> | Promise<...>' is not assignable to type 'ResolverResult<{ title: string; slug: string; category: ProjectCategory; status: ProjectStatus; isFeatured: boolean; displayOnHomepage: boolean; shortDescription?: string | undefined; ... 9 more ...; keyFeatures?: string | undefined; }, { ...; }> | Promise<...>'.
          Type 'ResolverSuccess<TFieldValues>' is not assignable to type 'ResolverResult<{ title: string; slug: string; category: ProjectCategory; status: ProjectStatus; isFeatured: boolean; displayOnHomepage: boolean; shortDescription?: string | undefined; ... 9 more ...; keyFeatures?: string | undefined; }, { ...; }> | Promise<...>'.
            Type 'ResolverSuccess<TFieldValues>' is not assignable to type 'ResolverSuccess<{ title: string; slug: string; category: ProjectCategory; status: ProjectStatus; isFeatured: boolean; displayOnHomepage: boolean; shortDescription?: string | undefined; ... 9 more ...; keyFeatures?: string | undefined; }>'.
              Type 'TFieldValues' is not assignable to type '{ title: string; slug: string; category: ProjectCategory; status: ProjectStatus; isFeatured: boolean; displayOnHomepage: boolean; shortDescription?: string | undefined; ... 9 more ...; keyFeatures?: string | undefined; }'.
                Type 'FieldValues' is missing the following properties from type '{ title: string; slug: string; category: ProjectCategory; status: ProjectStatus; isFeatured: boolean; displayOnHomepage: boolean; shortDescription?: string | undefined; ... 9 more ...; keyFeatures?: string | undefined; }': title, slug, category, status, and 2 more.
app/(admin)/dashboard/projects/new/page.tsx(154,40): error TS2322: Type 'Control<{ title: string; slug: string; category: ProjectCategory; status: ProjectStatus; isFeatured: boolean; displayOnHomepage: boolean; shortDescription?: string | undefined; ... 9 more ...; keyFeatures?: string | undefined; }, any, TFieldValues>' is not assignable to type 'Control<{ title: string; slug: string; category: ProjectCategory; status: ProjectStatus; isFeatured: boolean; displayOnHomepage: boolean; shortDescription?: string | undefined; ... 9 more ...; keyFeatures?: string | undefined; }, any, { ...; }>'.
  The types of '_options.resolver' are incompatible between these types.
    Type 'Resolver<{ title: string; slug: string; category: ProjectCategory; status: ProjectStatus; isFeatured: boolean; displayOnHomepage: boolean; shortDescription?: string | undefined; ... 9 more ...; keyFeatures?: string | undefined; }, any, TFieldValues> | undefined' is not assignable to type 'Resolver<{ title: string; slug: string; category: ProjectCategory; status: ProjectStatus; isFeatured: boolean; displayOnHomepage: boolean; shortDescription?: string | undefined; ... 9 more ...; keyFeatures?: string | undefined; }, any, { ...; }> | undefined'.
      Type 'Resolver<{ title: string; slug: string; category: ProjectCategory; status: ProjectStatus; isFeatured: boolean; displayOnHomepage: boolean; shortDescription?: string | undefined; ... 9 more ...; keyFeatures?: string | undefined; }, any, TFieldValues>' is not assignable to type 'Resolver<{ title: string; slug: string; category: ProjectCategory; status: ProjectStatus; isFeatured: boolean; displayOnHomepage: boolean; shortDescription?: string | undefined; ... 9 more ...; keyFeatures?: string | undefined; }, any, { ...; }>'.
        Type 'ResolverResult<{ title: string; slug: string; category: ProjectCategory; status: ProjectStatus; isFeatured: boolean; displayOnHomepage: boolean; shortDescription?: string | undefined; ... 9 more ...; keyFeatures?: string | undefined; }, TFieldValues> | Promise<...>' is not assignable to type 'ResolverResult<{ title: string; slug: string; category: ProjectCategory; status: ProjectStatus; isFeatured: boolean; displayOnHomepage: boolean; shortDescription?: string | undefined; ... 9 more ...; keyFeatures?: string | undefined; }, { ...; }> | Promise<...>'.
          Type 'ResolverSuccess<TFieldValues>' is not assignable to type 'ResolverResult<{ title: string; slug: string; category: ProjectCategory; status: ProjectStatus; isFeatured: boolean; displayOnHomepage: boolean; shortDescription?: string | undefined; ... 9 more ...; keyFeatures?: string | undefined; }, { ...; }> | Promise<...>'.
            Type 'ResolverSuccess<TFieldValues>' is not assignable to type 'ResolverSuccess<{ title: string; slug: string; category: ProjectCategory; status: ProjectStatus; isFeatured: boolean; displayOnHomepage: boolean; shortDescription?: string | undefined; ... 9 more ...; keyFeatures?: string | undefined; }>'.
              Type 'TFieldValues' is not assignable to type '{ title: string; slug: string; category: ProjectCategory; status: ProjectStatus; isFeatured: boolean; displayOnHomepage: boolean; shortDescription?: string | undefined; ... 9 more ...; keyFeatures?: string | undefined; }'.
                Type 'FieldValues' is missing the following properties from type '{ title: string; slug: string; category: ProjectCategory; status: ProjectStatus; isFeatured: boolean; displayOnHomepage: boolean; shortDescription?: string | undefined; ... 9 more ...; keyFeatures?: string | undefined; }': title, slug, category, status, and 2 more.
app/(admin)/dashboard/projects/new/page.tsx(168,40): error TS2322: Type 'Control<{ title: string; slug: string; category: ProjectCategory; status: ProjectStatus; isFeatured: boolean; displayOnHomepage: boolean; shortDescription?: string | undefined; ... 9 more ...; keyFeatures?: string | undefined; }, any, TFieldValues>' is not assignable to type 'Control<{ title: string; slug: string; category: ProjectCategory; status: ProjectStatus; isFeatured: boolean; displayOnHomepage: boolean; shortDescription?: string | undefined; ... 9 more ...; keyFeatures?: string | undefined; }, any, { ...; }>'.
  The types of '_options.resolver' are incompatible between these types.
    Type 'Resolver<{ title: string; slug: string; category: ProjectCategory; status: ProjectStatus; isFeatured: boolean; displayOnHomepage: boolean; shortDescription?: string | undefined; ... 9 more ...; keyFeatures?: string | undefined; }, any, TFieldValues> | undefined' is not assignable to type 'Resolver<{ title: string; slug: string; category: ProjectCategory; status: ProjectStatus; isFeatured: boolean; displayOnHomepage: boolean; shortDescription?: string | undefined; ... 9 more ...; keyFeatures?: string | undefined; }, any, { ...; }> | undefined'.
      Type 'Resolver<{ title: string; slug: string; category: ProjectCategory; status: ProjectStatus; isFeatured: boolean; displayOnHomepage: boolean; shortDescription?: string | undefined; ... 9 more ...; keyFeatures?: string | undefined; }, any, TFieldValues>' is not assignable to type 'Resolver<{ title: string; slug: string; category: ProjectCategory; status: ProjectStatus; isFeatured: boolean; displayOnHomepage: boolean; shortDescription?: string | undefined; ... 9 more ...; keyFeatures?: string | undefined; }, any, { ...; }>'.
        Type 'ResolverResult<{ title: string; slug: string; category: ProjectCategory; status: ProjectStatus; isFeatured: boolean; displayOnHomepage: boolean; shortDescription?: string | undefined; ... 9 more ...; keyFeatures?: string | undefined; }, TFieldValues> | Promise<...>' is not assignable to type 'ResolverResult<{ title: string; slug: string; category: ProjectCategory; status: ProjectStatus; isFeatured: boolean; displayOnHomepage: boolean; shortDescription?: string | undefined; ... 9 more ...; keyFeatures?: string | undefined; }, { ...; }> | Promise<...>'.
          Type 'ResolverSuccess<TFieldValues>' is not assignable to type 'ResolverResult<{ title: string; slug: string; category: ProjectCategory; status: ProjectStatus; isFeatured: boolean; displayOnHomepage: boolean; shortDescription?: string | undefined; ... 9 more ...; keyFeatures?: string | undefined; }, { ...; }> | Promise<...>'.
            Type 'ResolverSuccess<TFieldValues>' is not assignable to type 'ResolverSuccess<{ title: string; slug: string; category: ProjectCategory; status: ProjectStatus; isFeatured: boolean; displayOnHomepage: boolean; shortDescription?: string | undefined; ... 9 more ...; keyFeatures?: string | undefined; }>'.
              Type 'TFieldValues' is not assignable to type '{ title: string; slug: string; category: ProjectCategory; status: ProjectStatus; isFeatured: boolean; displayOnHomepage: boolean; shortDescription?: string | undefined; ... 9 more ...; keyFeatures?: string | undefined; }'.
                Type 'FieldValues' is missing the following properties from type '{ title: string; slug: string; category: ProjectCategory; status: ProjectStatus; isFeatured: boolean; displayOnHomepage: boolean; shortDescription?: string | undefined; ... 9 more ...; keyFeatures?: string | undefined; }': title, slug, category, status, and 2 more.
app/(admin)/dashboard/projects/new/page.tsx(175,40): error TS2322: Type 'Control<{ title: string; slug: string; category: ProjectCategory; status: ProjectStatus; isFeatured: boolean; displayOnHomepage: boolean; shortDescription?: string | undefined; ... 9 more ...; keyFeatures?: string | undefined; }, any, TFieldValues>' is not assignable to type 'Control<{ title: string; slug: string; category: ProjectCategory; status: ProjectStatus; isFeatured: boolean; displayOnHomepage: boolean; shortDescription?: string | undefined; ... 9 more ...; keyFeatures?: string | undefined; }, any, { ...; }>'.
  The types of '_options.resolver' are incompatible between these types.
    Type 'Resolver<{ title: string; slug: string; category: ProjectCategory; status: ProjectStatus; isFeatured: boolean; displayOnHomepage: boolean; shortDescription?: string | undefined; ... 9 more ...; keyFeatures?: string | undefined; }, any, TFieldValues> | undefined' is not assignable to type 'Resolver<{ title: string; slug: string; category: ProjectCategory; status: ProjectStatus; isFeatured: boolean; displayOnHomepage: boolean; shortDescription?: string | undefined; ... 9 more ...; keyFeatures?: string | undefined; }, any, { ...; }> | undefined'.
      Type 'Resolver<{ title: string; slug: string; category: ProjectCategory; status: ProjectStatus; isFeatured: boolean; displayOnHomepage: boolean; shortDescription?: string | undefined; ... 9 more ...; keyFeatures?: string | undefined; }, any, TFieldValues>' is not assignable to type 'Resolver<{ title: string; slug: string; category: ProjectCategory; status: ProjectStatus; isFeatured: boolean; displayOnHomepage: boolean; shortDescription?: string | undefined; ... 9 more ...; keyFeatures?: string | undefined; }, any, { ...; }>'.
        Type 'ResolverResult<{ title: string; slug: string; category: ProjectCategory; status: ProjectStatus; isFeatured: boolean; displayOnHomepage: boolean; shortDescription?: string | undefined; ... 9 more ...; keyFeatures?: string | undefined; }, TFieldValues> | Promise<...>' is not assignable to type 'ResolverResult<{ title: string; slug: string; category: ProjectCategory; status: ProjectStatus; isFeatured: boolean; displayOnHomepage: boolean; shortDescription?: string | undefined; ... 9 more ...; keyFeatures?: string | undefined; }, { ...; }> | Promise<...>'.
          Type 'ResolverSuccess<TFieldValues>' is not assignable to type 'ResolverResult<{ title: string; slug: string; category: ProjectCategory; status: ProjectStatus; isFeatured: boolean; displayOnHomepage: boolean; shortDescription?: string | undefined; ... 9 more ...; keyFeatures?: string | undefined; }, { ...; }> | Promise<...>'.
            Type 'ResolverSuccess<TFieldValues>' is not assignable to type 'ResolverSuccess<{ title: string; slug: string; category: ProjectCategory; status: ProjectStatus; isFeatured: boolean; displayOnHomepage: boolean; shortDescription?: string | undefined; ... 9 more ...; keyFeatures?: string | undefined; }>'.
              Type 'TFieldValues' is not assignable to type '{ title: string; slug: string; category: ProjectCategory; status: ProjectStatus; isFeatured: boolean; displayOnHomepage: boolean; shortDescription?: string | undefined; ... 9 more ...; keyFeatures?: string | undefined; }'.
                Type 'FieldValues' is missing the following properties from type '{ title: string; slug: string; category: ProjectCategory; status: ProjectStatus; isFeatured: boolean; displayOnHomepage: boolean; shortDescription?: string | undefined; ... 9 more ...; keyFeatures?: string | undefined; }': title, slug, category, status, and 2 more.
app/(admin)/dashboard/projects/new/page.tsx(188,40): error TS2322: Type 'Control<{ title: string; slug: string; category: ProjectCategory; status: ProjectStatus; isFeatured: boolean; displayOnHomepage: boolean; shortDescription?: string | undefined; ... 9 more ...; keyFeatures?: string | undefined; }, any, TFieldValues>' is not assignable to type 'Control<{ title: string; slug: string; category: ProjectCategory; status: ProjectStatus; isFeatured: boolean; displayOnHomepage: boolean; shortDescription?: string | undefined; ... 9 more ...; keyFeatures?: string | undefined; }, any, { ...; }>'.
  The types of '_options.resolver' are incompatible between these types.
    Type 'Resolver<{ title: string; slug: string; category: ProjectCategory; status: ProjectStatus; isFeatured: boolean; displayOnHomepage: boolean; shortDescription?: string | undefined; ... 9 more ...; keyFeatures?: string | undefined; }, any, TFieldValues> | undefined' is not assignable to type 'Resolver<{ title: string; slug: string; category: ProjectCategory; status: ProjectStatus; isFeatured: boolean; displayOnHomepage: boolean; shortDescription?: string | undefined; ... 9 more ...; keyFeatures?: string | undefined; }, any, { ...; }> | undefined'.
      Type 'Resolver<{ title: string; slug: string; category: ProjectCategory; status: ProjectStatus; isFeatured: boolean; displayOnHomepage: boolean; shortDescription?: string | undefined; ... 9 more ...; keyFeatures?: string | undefined; }, any, TFieldValues>' is not assignable to type 'Resolver<{ title: string; slug: string; category: ProjectCategory; status: ProjectStatus; isFeatured: boolean; displayOnHomepage: boolean; shortDescription?: string | undefined; ... 9 more ...; keyFeatures?: string | undefined; }, any, { ...; }>'.
        Type 'ResolverResult<{ title: string; slug: string; category: ProjectCategory; status: ProjectStatus; isFeatured: boolean; displayOnHomepage: boolean; shortDescription?: string | undefined; ... 9 more ...; keyFeatures?: string | undefined; }, TFieldValues> | Promise<...>' is not assignable to type 'ResolverResult<{ title: string; slug: string; category: ProjectCategory; status: ProjectStatus; isFeatured: boolean; displayOnHomepage: boolean; shortDescription?: string | undefined; ... 9 more ...; keyFeatures?: string | undefined; }, { ...; }> | Promise<...>'.
          Type 'ResolverSuccess<TFieldValues>' is not assignable to type 'ResolverResult<{ title: string; slug: string; category: ProjectCategory; status: ProjectStatus; isFeatured: boolean; displayOnHomepage: boolean; shortDescription?: string | undefined; ... 9 more ...; keyFeatures?: string | undefined; }, { ...; }> | Promise<...>'.
            Type 'ResolverSuccess<TFieldValues>' is not assignable to type 'ResolverSuccess<{ title: string; slug: string; category: ProjectCategory; status: ProjectStatus; isFeatured: boolean; displayOnHomepage: boolean; shortDescription?: string | undefined; ... 9 more ...; keyFeatures?: string | undefined; }>'.
              Type 'TFieldValues' is not assignable to type '{ title: string; slug: string; category: ProjectCategory; status: ProjectStatus; isFeatured: boolean; displayOnHomepage: boolean; shortDescription?: string | undefined; ... 9 more ...; keyFeatures?: string | undefined; }'.
                Type 'FieldValues' is missing the following properties from type '{ title: string; slug: string; category: ProjectCategory; status: ProjectStatus; isFeatured: boolean; displayOnHomepage: boolean; shortDescription?: string | undefined; ... 9 more ...; keyFeatures?: string | undefined; }': title, slug, category, status, and 2 more.
app/(admin)/dashboard/projects/new/page.tsx(191,40): error TS2322: Type 'Control<{ title: string; slug: string; category: ProjectCategory; status: ProjectStatus; isFeatured: boolean; displayOnHomepage: boolean; shortDescription?: string | undefined; ... 9 more ...; keyFeatures?: string | undefined; }, any, TFieldValues>' is not assignable to type 'Control<{ title: string; slug: string; category: ProjectCategory; status: ProjectStatus; isFeatured: boolean; displayOnHomepage: boolean; shortDescription?: string | undefined; ... 9 more ...; keyFeatures?: string | undefined; }, any, { ...; }>'.
  The types of '_options.resolver' are incompatible between these types.
    Type 'Resolver<{ title: string; slug: string; category: ProjectCategory; status: ProjectStatus; isFeatured: boolean; displayOnHomepage: boolean; shortDescription?: string | undefined; ... 9 more ...; keyFeatures?: string | undefined; }, any, TFieldValues> | undefined' is not assignable to type 'Resolver<{ title: string; slug: string; category: ProjectCategory; status: ProjectStatus; isFeatured: boolean; displayOnHomepage: boolean; shortDescription?: string | undefined; ... 9 more ...; keyFeatures?: string | undefined; }, any, { ...; }> | undefined'.
      Type 'Resolver<{ title: string; slug: string; category: ProjectCategory; status: ProjectStatus; isFeatured: boolean; displayOnHomepage: boolean; shortDescription?: string | undefined; ... 9 more ...; keyFeatures?: string | undefined; }, any, TFieldValues>' is not assignable to type 'Resolver<{ title: string; slug: string; category: ProjectCategory; status: ProjectStatus; isFeatured: boolean; displayOnHomepage: boolean; shortDescription?: string | undefined; ... 9 more ...; keyFeatures?: string | undefined; }, any, { ...; }>'.
        Type 'ResolverResult<{ title: string; slug: string; category: ProjectCategory; status: ProjectStatus; isFeatured: boolean; displayOnHomepage: boolean; shortDescription?: string | undefined; ... 9 more ...; keyFeatures?: string | undefined; }, TFieldValues> | Promise<...>' is not assignable to type 'ResolverResult<{ title: string; slug: string; category: ProjectCategory; status: ProjectStatus; isFeatured: boolean; displayOnHomepage: boolean; shortDescription?: string | undefined; ... 9 more ...; keyFeatures?: string | undefined; }, { ...; }> | Promise<...>'.
          Type 'ResolverSuccess<TFieldValues>' is not assignable to type 'ResolverResult<{ title: string; slug: string; category: ProjectCategory; status: ProjectStatus; isFeatured: boolean; displayOnHomepage: boolean; shortDescription?: string | undefined; ... 9 more ...; keyFeatures?: string | undefined; }, { ...; }> | Promise<...>'.
            Type 'ResolverSuccess<TFieldValues>' is not assignable to type 'ResolverSuccess<{ title: string; slug: string; category: ProjectCategory; status: ProjectStatus; isFeatured: boolean; displayOnHomepage: boolean; shortDescription?: string | undefined; ... 9 more ...; keyFeatures?: string | undefined; }>'.
              Type 'TFieldValues' is not assignable to type '{ title: string; slug: string; category: ProjectCategory; status: ProjectStatus; isFeatured: boolean; displayOnHomepage: boolean; shortDescription?: string | undefined; ... 9 more ...; keyFeatures?: string | undefined; }'.
                Type 'FieldValues' is missing the following properties from type '{ title: string; slug: string; category: ProjectCategory; status: ProjectStatus; isFeatured: boolean; displayOnHomepage: boolean; shortDescription?: string | undefined; ... 9 more ...; keyFeatures?: string | undefined; }': title, slug, category, status, and 2 more.
app/(admin)/dashboard/projects/new/page.tsx(194,40): error TS2322: Type 'Control<{ title: string; slug: string; category: ProjectCategory; status: ProjectStatus; isFeatured: boolean; displayOnHomepage: boolean; shortDescription?: string | undefined; ... 9 more ...; keyFeatures?: string | undefined; }, any, TFieldValues>' is not assignable to type 'Control<{ title: string; slug: string; category: ProjectCategory; status: ProjectStatus; isFeatured: boolean; displayOnHomepage: boolean; shortDescription?: string | undefined; ... 9 more ...; keyFeatures?: string | undefined; }, any, { ...; }>'.
  The types of '_options.resolver' are incompatible between these types.
    Type 'Resolver<{ title: string; slug: string; category: ProjectCategory; status: ProjectStatus; isFeatured: boolean; displayOnHomepage: boolean; shortDescription?: string | undefined; ... 9 more ...; keyFeatures?: string | undefined; }, any, TFieldValues> | undefined' is not assignable to type 'Resolver<{ title: string; slug: string; category: ProjectCategory; status: ProjectStatus; isFeatured: boolean; displayOnHomepage: boolean; shortDescription?: string | undefined; ... 9 more ...; keyFeatures?: string | undefined; }, any, { ...; }> | undefined'.
      Type 'Resolver<{ title: string; slug: string; category: ProjectCategory; status: ProjectStatus; isFeatured: boolean; displayOnHomepage: boolean; shortDescription?: string | undefined; ... 9 more ...; keyFeatures?: string | undefined; }, any, TFieldValues>' is not assignable to type 'Resolver<{ title: string; slug: string; category: ProjectCategory; status: ProjectStatus; isFeatured: boolean; displayOnHomepage: boolean; shortDescription?: string | undefined; ... 9 more ...; keyFeatures?: string | undefined; }, any, { ...; }>'.
        Type 'ResolverResult<{ title: string; slug: string; category: ProjectCategory; status: ProjectStatus; isFeatured: boolean; displayOnHomepage: boolean; shortDescription?: string | undefined; ... 9 more ...; keyFeatures?: string | undefined; }, TFieldValues> | Promise<...>' is not assignable to type 'ResolverResult<{ title: string; slug: string; category: ProjectCategory; status: ProjectStatus; isFeatured: boolean; displayOnHomepage: boolean; shortDescription?: string | undefined; ... 9 more ...; keyFeatures?: string | undefined; }, { ...; }> | Promise<...>'.
          Type 'ResolverSuccess<TFieldValues>' is not assignable to type 'ResolverResult<{ title: string; slug: string; category: ProjectCategory; status: ProjectStatus; isFeatured: boolean; displayOnHomepage: boolean; shortDescription?: string | undefined; ... 9 more ...; keyFeatures?: string | undefined; }, { ...; }> | Promise<...>'.
            Type 'ResolverSuccess<TFieldValues>' is not assignable to type 'ResolverSuccess<{ title: string; slug: string; category: ProjectCategory; status: ProjectStatus; isFeatured: boolean; displayOnHomepage: boolean; shortDescription?: string | undefined; ... 9 more ...; keyFeatures?: string | undefined; }>'.
              Type 'TFieldValues' is not assignable to type '{ title: string; slug: string; category: ProjectCategory; status: ProjectStatus; isFeatured: boolean; displayOnHomepage: boolean; shortDescription?: string | undefined; ... 9 more ...; keyFeatures?: string | undefined; }'.
                Type 'FieldValues' is missing the following properties from type '{ title: string; slug: string; category: ProjectCategory; status: ProjectStatus; isFeatured: boolean; displayOnHomepage: boolean; shortDescription?: string | undefined; ... 9 more ...; keyFeatures?: string | undefined; }': title, slug, category, status, and 2 more.
app/(admin)/dashboard/projects/new/page.tsx(197,40): error TS2322: Type 'Control<{ title: string; slug: string; category: ProjectCategory; status: ProjectStatus; isFeatured: boolean; displayOnHomepage: boolean; shortDescription?: string | undefined; ... 9 more ...; keyFeatures?: string | undefined; }, any, TFieldValues>' is not assignable to type 'Control<{ title: string; slug: string; category: ProjectCategory; status: ProjectStatus; isFeatured: boolean; displayOnHomepage: boolean; shortDescription?: string | undefined; ... 9 more ...; keyFeatures?: string | undefined; }, any, { ...; }>'.
  The types of '_options.resolver' are incompatible between these types.
    Type 'Resolver<{ title: string; slug: string; category: ProjectCategory; status: ProjectStatus; isFeatured: boolean; displayOnHomepage: boolean; shortDescription?: string | undefined; ... 9 more ...; keyFeatures?: string | undefined; }, any, TFieldValues> | undefined' is not assignable to type 'Resolver<{ title: string; slug: string; category: ProjectCategory; status: ProjectStatus; isFeatured: boolean; displayOnHomepage: boolean; shortDescription?: string | undefined; ... 9 more ...; keyFeatures?: string | undefined; }, any, { ...; }> | undefined'.
      Type 'Resolver<{ title: string; slug: string; category: ProjectCategory; status: ProjectStatus; isFeatured: boolean; displayOnHomepage: boolean; shortDescription?: string | undefined; ... 9 more ...; keyFeatures?: string | undefined; }, any, TFieldValues>' is not assignable to type 'Resolver<{ title: string; slug: string; category: ProjectCategory; status: ProjectStatus; isFeatured: boolean; displayOnHomepage: boolean; shortDescription?: string | undefined; ... 9 more ...; keyFeatures?: string | undefined; }, any, { ...; }>'.
        Type 'ResolverResult<{ title: string; slug: string; category: ProjectCategory; status: ProjectStatus; isFeatured: boolean; displayOnHomepage: boolean; shortDescription?: string | undefined; ... 9 more ...; keyFeatures?: string | undefined; }, TFieldValues> | Promise<...>' is not assignable to type 'ResolverResult<{ title: string; slug: string; category: ProjectCategory; status: ProjectStatus; isFeatured: boolean; displayOnHomepage: boolean; shortDescription?: string | undefined; ... 9 more ...; keyFeatures?: string | undefined; }, { ...; }> | Promise<...>'.
          Type 'ResolverSuccess<TFieldValues>' is not assignable to type 'ResolverResult<{ title: string; slug: string; category: ProjectCategory; status: ProjectStatus; isFeatured: boolean; displayOnHomepage: boolean; shortDescription?: string | undefined; ... 9 more ...; keyFeatures?: string | undefined; }, { ...; }> | Promise<...>'.
            Type 'ResolverSuccess<TFieldValues>' is not assignable to type 'ResolverSuccess<{ title: string; slug: string; category: ProjectCategory; status: ProjectStatus; isFeatured: boolean; displayOnHomepage: boolean; shortDescription?: string | undefined; ... 9 more ...; keyFeatures?: string | undefined; }>'.
              Type 'TFieldValues' is not assignable to type '{ title: string; slug: string; category: ProjectCategory; status: ProjectStatus; isFeatured: boolean; displayOnHomepage: boolean; shortDescription?: string | undefined; ... 9 more ...; keyFeatures?: string | undefined; }'.
                Type 'FieldValues' is missing the following properties from type '{ title: string; slug: string; category: ProjectCategory; status: ProjectStatus; isFeatured: boolean; displayOnHomepage: boolean; shortDescription?: string | undefined; ... 9 more ...; keyFeatures?: string | undefined; }': title, slug, category, status, and 2 more.
app/(admin)/dashboard/projects/new/page.tsx(200,40): error TS2322: Type 'Control<{ title: string; slug: string; category: ProjectCategory; status: ProjectStatus; isFeatured: boolean; displayOnHomepage: boolean; shortDescription?: string | undefined; ... 9 more ...; keyFeatures?: string | undefined; }, any, TFieldValues>' is not assignable to type 'Control<{ title: string; slug: string; category: ProjectCategory; status: ProjectStatus; isFeatured: boolean; displayOnHomepage: boolean; shortDescription?: string | undefined; ... 9 more ...; keyFeatures?: string | undefined; }, any, { ...; }>'.
  The types of '_options.resolver' are incompatible between these types.
    Type 'Resolver<{ title: string; slug: string; category: ProjectCategory; status: ProjectStatus; isFeatured: boolean; displayOnHomepage: boolean; shortDescription?: string | undefined; ... 9 more ...; keyFeatures?: string | undefined; }, any, TFieldValues> | undefined' is not assignable to type 'Resolver<{ title: string; slug: string; category: ProjectCategory; status: ProjectStatus; isFeatured: boolean; displayOnHomepage: boolean; shortDescription?: string | undefined; ... 9 more ...; keyFeatures?: string | undefined; }, any, { ...; }> | undefined'.
      Type 'Resolver<{ title: string; slug: string; category: ProjectCategory; status: ProjectStatus; isFeatured: boolean; displayOnHomepage: boolean; shortDescription?: string | undefined; ... 9 more ...; keyFeatures?: string | undefined; }, any, TFieldValues>' is not assignable to type 'Resolver<{ title: string; slug: string; category: ProjectCategory; status: ProjectStatus; isFeatured: boolean; displayOnHomepage: boolean; shortDescription?: string | undefined; ... 9 more ...; keyFeatures?: string | undefined; }, any, { ...; }>'.
        Type 'ResolverResult<{ title: string; slug: string; category: ProjectCategory; status: ProjectStatus; isFeatured: boolean; displayOnHomepage: boolean; shortDescription?: string | undefined; ... 9 more ...; keyFeatures?: string | undefined; }, TFieldValues> | Promise<...>' is not assignable to type 'ResolverResult<{ title: string; slug: string; category: ProjectCategory; status: ProjectStatus; isFeatured: boolean; displayOnHomepage: boolean; shortDescription?: string | undefined; ... 9 more ...; keyFeatures?: string | undefined; }, { ...; }> | Promise<...>'.
          Type 'ResolverSuccess<TFieldValues>' is not assignable to type 'ResolverResult<{ title: string; slug: string; category: ProjectCategory; status: ProjectStatus; isFeatured: boolean; displayOnHomepage: boolean; shortDescription?: string | undefined; ... 9 more ...; keyFeatures?: string | undefined; }, { ...; }> | Promise<...>'.
            Type 'ResolverSuccess<TFieldValues>' is not assignable to type 'ResolverSuccess<{ title: string; slug: string; category: ProjectCategory; status: ProjectStatus; isFeatured: boolean; displayOnHomepage: boolean; shortDescription?: string | undefined; ... 9 more ...; keyFeatures?: string | undefined; }>'.
              Type 'TFieldValues' is not assignable to type '{ title: string; slug: string; category: ProjectCategory; status: ProjectStatus; isFeatured: boolean; displayOnHomepage: boolean; shortDescription?: string | undefined; ... 9 more ...; keyFeatures?: string | undefined; }'.
                Type 'FieldValues' is missing the following properties from type '{ title: string; slug: string; category: ProjectCategory; status: ProjectStatus; isFeatured: boolean; displayOnHomepage: boolean; shortDescription?: string | undefined; ... 9 more ...; keyFeatures?: string | undefined; }': title, slug, category, status, and 2 more.
app/(admin)/dashboard/projects/new/page.tsx(209,40): error TS2322: Type 'Control<{ title: string; slug: string; category: ProjectCategory; status: ProjectStatus; isFeatured: boolean; displayOnHomepage: boolean; shortDescription?: string | undefined; ... 9 more ...; keyFeatures?: string | undefined; }, any, TFieldValues>' is not assignable to type 'Control<{ title: string; slug: string; category: ProjectCategory; status: ProjectStatus; isFeatured: boolean; displayOnHomepage: boolean; shortDescription?: string | undefined; ... 9 more ...; keyFeatures?: string | undefined; }, any, { ...; }>'.
  The types of '_options.resolver' are incompatible between these types.
    Type 'Resolver<{ title: string; slug: string; category: ProjectCategory; status: ProjectStatus; isFeatured: boolean; displayOnHomepage: boolean; shortDescription?: string | undefined; ... 9 more ...; keyFeatures?: string | undefined; }, any, TFieldValues> | undefined' is not assignable to type 'Resolver<{ title: string; slug: string; category: ProjectCategory; status: ProjectStatus; isFeatured: boolean; displayOnHomepage: boolean; shortDescription?: string | undefined; ... 9 more ...; keyFeatures?: string | undefined; }, any, { ...; }> | undefined'.
      Type 'Resolver<{ title: string; slug: string; category: ProjectCategory; status: ProjectStatus; isFeatured: boolean; displayOnHomepage: boolean; shortDescription?: string | undefined; ... 9 more ...; keyFeatures?: string | undefined; }, any, TFieldValues>' is not assignable to type 'Resolver<{ title: string; slug: string; category: ProjectCategory; status: ProjectStatus; isFeatured: boolean; displayOnHomepage: boolean; shortDescription?: string | undefined; ... 9 more ...; keyFeatures?: string | undefined; }, any, { ...; }>'.
        Type 'ResolverResult<{ title: string; slug: string; category: ProjectCategory; status: ProjectStatus; isFeatured: boolean; displayOnHomepage: boolean; shortDescription?: string | undefined; ... 9 more ...; keyFeatures?: string | undefined; }, TFieldValues> | Promise<...>' is not assignable to type 'ResolverResult<{ title: string; slug: string; category: ProjectCategory; status: ProjectStatus; isFeatured: boolean; displayOnHomepage: boolean; shortDescription?: string | undefined; ... 9 more ...; keyFeatures?: string | undefined; }, { ...; }> | Promise<...>'.
          Type 'ResolverSuccess<TFieldValues>' is not assignable to type 'ResolverResult<{ title: string; slug: string; category: ProjectCategory; status: ProjectStatus; isFeatured: boolean; displayOnHomepage: boolean; shortDescription?: string | undefined; ... 9 more ...; keyFeatures?: string | undefined; }, { ...; }> | Promise<...>'.
            Type 'ResolverSuccess<TFieldValues>' is not assignable to type 'ResolverSuccess<{ title: string; slug: string; category: ProjectCategory; status: ProjectStatus; isFeatured: boolean; displayOnHomepage: boolean; shortDescription?: string | undefined; ... 9 more ...; keyFeatures?: string | undefined; }>'.
              Type 'TFieldValues' is not assignable to type '{ title: string; slug: string; category: ProjectCategory; status: ProjectStatus; isFeatured: boolean; displayOnHomepage: boolean; shortDescription?: string | undefined; ... 9 more ...; keyFeatures?: string | undefined; }'.
                Type 'FieldValues' is missing the following properties from type '{ title: string; slug: string; category: ProjectCategory; status: ProjectStatus; isFeatured: boolean; displayOnHomepage: boolean; shortDescription?: string | undefined; ... 9 more ...; keyFeatures?: string | undefined; }': title, slug, category, status, and 2 more.
app/(admin)/dashboard/projects/new/page.tsx(212,40): error TS2322: Type 'Control<{ title: string; slug: string; category: ProjectCategory; status: ProjectStatus; isFeatured: boolean; displayOnHomepage: boolean; shortDescription?: string | undefined; ... 9 more ...; keyFeatures?: string | undefined; }, any, TFieldValues>' is not assignable to type 'Control<{ title: string; slug: string; category: ProjectCategory; status: ProjectStatus; isFeatured: boolean; displayOnHomepage: boolean; shortDescription?: string | undefined; ... 9 more ...; keyFeatures?: string | undefined; }, any, { ...; }>'.
  The types of '_options.resolver' are incompatible between these types.
    Type 'Resolver<{ title: string; slug: string; category: ProjectCategory; status: ProjectStatus; isFeatured: boolean; displayOnHomepage: boolean; shortDescription?: string | undefined; ... 9 more ...; keyFeatures?: string | undefined; }, any, TFieldValues> | undefined' is not assignable to type 'Resolver<{ title: string; slug: string; category: ProjectCategory; status: ProjectStatus; isFeatured: boolean; displayOnHomepage: boolean; shortDescription?: string | undefined; ... 9 more ...; keyFeatures?: string | undefined; }, any, { ...; }> | undefined'.
      Type 'Resolver<{ title: string; slug: string; category: ProjectCategory; status: ProjectStatus; isFeatured: boolean; displayOnHomepage: boolean; shortDescription?: string | undefined; ... 9 more ...; keyFeatures?: string | undefined; }, any, TFieldValues>' is not assignable to type 'Resolver<{ title: string; slug: string; category: ProjectCategory; status: ProjectStatus; isFeatured: boolean; displayOnHomepage: boolean; shortDescription?: string | undefined; ... 9 more ...; keyFeatures?: string | undefined; }, any, { ...; }>'.
        Type 'ResolverResult<{ title: string; slug: string; category: ProjectCategory; status: ProjectStatus; isFeatured: boolean; displayOnHomepage: boolean; shortDescription?: string | undefined; ... 9 more ...; keyFeatures?: string | undefined; }, TFieldValues> | Promise<...>' is not assignable to type 'ResolverResult<{ title: string; slug: string; category: ProjectCategory; status: ProjectStatus; isFeatured: boolean; displayOnHomepage: boolean; shortDescription?: string | undefined; ... 9 more ...; keyFeatures?: string | undefined; }, { ...; }> | Promise<...>'.
          Type 'ResolverSuccess<TFieldValues>' is not assignable to type 'ResolverResult<{ title: string; slug: string; category: ProjectCategory; status: ProjectStatus; isFeatured: boolean; displayOnHomepage: boolean; shortDescription?: string | undefined; ... 9 more ...; keyFeatures?: string | undefined; }, { ...; }> | Promise<...>'.
            Type 'ResolverSuccess<TFieldValues>' is not assignable to type 'ResolverSuccess<{ title: string; slug: string; category: ProjectCategory; status: ProjectStatus; isFeatured: boolean; displayOnHomepage: boolean; shortDescription?: string | undefined; ... 9 more ...; keyFeatures?: string | undefined; }>'.
              Type 'TFieldValues' is not assignable to type '{ title: string; slug: string; category: ProjectCategory; status: ProjectStatus; isFeatured: boolean; displayOnHomepage: boolean; shortDescription?: string | undefined; ... 9 more ...; keyFeatures?: string | undefined; }'.
                Type 'FieldValues' is missing the following properties from type '{ title: string; slug: string; category: ProjectCategory; status: ProjectStatus; isFeatured: boolean; displayOnHomepage: boolean; shortDescription?: string | undefined; ... 9 more ...; keyFeatures?: string | undefined; }': title, slug, category, status, and 2 more.
app/(admin)/dashboard/projects/new/page.tsx(215,40): error TS2322: Type 'Control<{ title: string; slug: string; category: ProjectCategory; status: ProjectStatus; isFeatured: boolean; displayOnHomepage: boolean; shortDescription?: string | undefined; ... 9 more ...; keyFeatures?: string | undefined; }, any, TFieldValues>' is not assignable to type 'Control<{ title: string; slug: string; category: ProjectCategory; status: ProjectStatus; isFeatured: boolean; displayOnHomepage: boolean; shortDescription?: string | undefined; ... 9 more ...; keyFeatures?: string | undefined; }, any, { ...; }>'.
  The types of '_options.resolver' are incompatible between these types.
    Type 'Resolver<{ title: string; slug: string; category: ProjectCategory; status: ProjectStatus; isFeatured: boolean; displayOnHomepage: boolean; shortDescription?: string | undefined; ... 9 more ...; keyFeatures?: string | undefined; }, any, TFieldValues> | undefined' is not assignable to type 'Resolver<{ title: string; slug: string; category: ProjectCategory; status: ProjectStatus; isFeatured: boolean; displayOnHomepage: boolean; shortDescription?: string | undefined; ... 9 more ...; keyFeatures?: string | undefined; }, any, { ...; }> | undefined'.
      Type 'Resolver<{ title: string; slug: string; category: ProjectCategory; status: ProjectStatus; isFeatured: boolean; displayOnHomepage: boolean; shortDescription?: string | undefined; ... 9 more ...; keyFeatures?: string | undefined; }, any, TFieldValues>' is not assignable to type 'Resolver<{ title: string; slug: string; category: ProjectCategory; status: ProjectStatus; isFeatured: boolean; displayOnHomepage: boolean; shortDescription?: string | undefined; ... 9 more ...; keyFeatures?: string | undefined; }, any, { ...; }>'.
        Type 'ResolverResult<{ title: string; slug: string; category: ProjectCategory; status: ProjectStatus; isFeatured: boolean; displayOnHomepage: boolean; shortDescription?: string | undefined; ... 9 more ...; keyFeatures?: string | undefined; }, TFieldValues> | Promise<...>' is not assignable to type 'ResolverResult<{ title: string; slug: string; category: ProjectCategory; status: ProjectStatus; isFeatured: boolean; displayOnHomepage: boolean; shortDescription?: string | undefined; ... 9 more ...; keyFeatures?: string | undefined; }, { ...; }> | Promise<...>'.
          Type 'ResolverSuccess<TFieldValues>' is not assignable to type 'ResolverResult<{ title: string; slug: string; category: ProjectCategory; status: ProjectStatus; isFeatured: boolean; displayOnHomepage: boolean; shortDescription?: string | undefined; ... 9 more ...; keyFeatures?: string | undefined; }, { ...; }> | Promise<...>'.
            Type 'ResolverSuccess<TFieldValues>' is not assignable to type 'ResolverSuccess<{ title: string; slug: string; category: ProjectCategory; status: ProjectStatus; isFeatured: boolean; displayOnHomepage: boolean; shortDescription?: string | undefined; ... 9 more ...; keyFeatures?: string | undefined; }>'.
              Type 'TFieldValues' is not assignable to type '{ title: string; slug: string; category: ProjectCategory; status: ProjectStatus; isFeatured: boolean; displayOnHomepage: boolean; shortDescription?: string | undefined; ... 9 more ...; keyFeatures?: string | undefined; }'.
                Type 'FieldValues' is missing the following properties from type '{ title: string; slug: string; category: ProjectCategory; status: ProjectStatus; isFeatured: boolean; displayOnHomepage: boolean; shortDescription?: string | undefined; ... 9 more ...; keyFeatures?: string | undefined; }': title, slug, category, status, and 2 more.
app/(admin)/dashboard/projects/new/page.tsx(228,40): error TS2322: Type 'Control<{ title: string; slug: string; category: ProjectCategory; status: ProjectStatus; isFeatured: boolean; displayOnHomepage: boolean; shortDescription?: string | undefined; ... 9 more ...; keyFeatures?: string | undefined; }, any, TFieldValues>' is not assignable to type 'Control<{ title: string; slug: string; category: ProjectCategory; status: ProjectStatus; isFeatured: boolean; displayOnHomepage: boolean; shortDescription?: string | undefined; ... 9 more ...; keyFeatures?: string | undefined; }, any, { ...; }>'.
  The types of '_options.resolver' are incompatible between these types.
    Type 'Resolver<{ title: string; slug: string; category: ProjectCategory; status: ProjectStatus; isFeatured: boolean; displayOnHomepage: boolean; shortDescription?: string | undefined; ... 9 more ...; keyFeatures?: string | undefined; }, any, TFieldValues> | undefined' is not assignable to type 'Resolver<{ title: string; slug: string; category: ProjectCategory; status: ProjectStatus; isFeatured: boolean; displayOnHomepage: boolean; shortDescription?: string | undefined; ... 9 more ...; keyFeatures?: string | undefined; }, any, { ...; }> | undefined'.
      Type 'Resolver<{ title: string; slug: string; category: ProjectCategory; status: ProjectStatus; isFeatured: boolean; displayOnHomepage: boolean; shortDescription?: string | undefined; ... 9 more ...; keyFeatures?: string | undefined; }, any, TFieldValues>' is not assignable to type 'Resolver<{ title: string; slug: string; category: ProjectCategory; status: ProjectStatus; isFeatured: boolean; displayOnHomepage: boolean; shortDescription?: string | undefined; ... 9 more ...; keyFeatures?: string | undefined; }, any, { ...; }>'.
        Type 'ResolverResult<{ title: string; slug: string; category: ProjectCategory; status: ProjectStatus; isFeatured: boolean; displayOnHomepage: boolean; shortDescription?: string | undefined; ... 9 more ...; keyFeatures?: string | undefined; }, TFieldValues> | Promise<...>' is not assignable to type 'ResolverResult<{ title: string; slug: string; category: ProjectCategory; status: ProjectStatus; isFeatured: boolean; displayOnHomepage: boolean; shortDescription?: string | undefined; ... 9 more ...; keyFeatures?: string | undefined; }, { ...; }> | Promise<...>'.
          Type 'ResolverSuccess<TFieldValues>' is not assignable to type 'ResolverResult<{ title: string; slug: string; category: ProjectCategory; status: ProjectStatus; isFeatured: boolean; displayOnHomepage: boolean; shortDescription?: string | undefined; ... 9 more ...; keyFeatures?: string | undefined; }, { ...; }> | Promise<...>'.
            Type 'ResolverSuccess<TFieldValues>' is not assignable to type 'ResolverSuccess<{ title: string; slug: string; category: ProjectCategory; status: ProjectStatus; isFeatured: boolean; displayOnHomepage: boolean; shortDescription?: string | undefined; ... 9 more ...; keyFeatures?: string | undefined; }>'.
              Type 'TFieldValues' is not assignable to type '{ title: string; slug: string; category: ProjectCategory; status: ProjectStatus; isFeatured: boolean; displayOnHomepage: boolean; shortDescription?: string | undefined; ... 9 more ...; keyFeatures?: string | undefined; }'.
                Type 'FieldValues' is missing the following properties from type '{ title: string; slug: string; category: ProjectCategory; status: ProjectStatus; isFeatured: boolean; displayOnHomepage: boolean; shortDescription?: string | undefined; ... 9 more ...; keyFeatures?: string | undefined; }': title, slug, category, status, and 2 more.
app/(admin)/dashboard/projects/new/page.tsx(234,40): error TS2322: Type 'Control<{ title: string; slug: string; category: ProjectCategory; status: ProjectStatus; isFeatured: boolean; displayOnHomepage: boolean; shortDescription?: string | undefined; ... 9 more ...; keyFeatures?: string | undefined; }, any, TFieldValues>' is not assignable to type 'Control<{ title: string; slug: string; category: ProjectCategory; status: ProjectStatus; isFeatured: boolean; displayOnHomepage: boolean; shortDescription?: string | undefined; ... 9 more ...; keyFeatures?: string | undefined; }, any, { ...; }>'.
  The types of '_options.resolver' are incompatible between these types.
    Type 'Resolver<{ title: string; slug: string; category: ProjectCategory; status: ProjectStatus; isFeatured: boolean; displayOnHomepage: boolean; shortDescription?: string | undefined; ... 9 more ...; keyFeatures?: string | undefined; }, any, TFieldValues> | undefined' is not assignable to type 'Resolver<{ title: string; slug: string; category: ProjectCategory; status: ProjectStatus; isFeatured: boolean; displayOnHomepage: boolean; shortDescription?: string | undefined; ... 9 more ...; keyFeatures?: string | undefined; }, any, { ...; }> | undefined'.
      Type 'Resolver<{ title: string; slug: string; category: ProjectCategory; status: ProjectStatus; isFeatured: boolean; displayOnHomepage: boolean; shortDescription?: string | undefined; ... 9 more ...; keyFeatures?: string | undefined; }, any, TFieldValues>' is not assignable to type 'Resolver<{ title: string; slug: string; category: ProjectCategory; status: ProjectStatus; isFeatured: boolean; displayOnHomepage: boolean; shortDescription?: string | undefined; ... 9 more ...; keyFeatures?: string | undefined; }, any, { ...; }>'.
        Type 'ResolverResult<{ title: string; slug: string; category: ProjectCategory; status: ProjectStatus; isFeatured: boolean; displayOnHomepage: boolean; shortDescription?: string | undefined; ... 9 more ...; keyFeatures?: string | undefined; }, TFieldValues> | Promise<...>' is not assignable to type 'ResolverResult<{ title: string; slug: string; category: ProjectCategory; status: ProjectStatus; isFeatured: boolean; displayOnHomepage: boolean; shortDescription?: string | undefined; ... 9 more ...; keyFeatures?: string | undefined; }, { ...; }> | Promise<...>'.
          Type 'ResolverSuccess<TFieldValues>' is not assignable to type 'ResolverResult<{ title: string; slug: string; category: ProjectCategory; status: ProjectStatus; isFeatured: boolean; displayOnHomepage: boolean; shortDescription?: string | undefined; ... 9 more ...; keyFeatures?: string | undefined; }, { ...; }> | Promise<...>'.
            Type 'ResolverSuccess<TFieldValues>' is not assignable to type 'ResolverSuccess<{ title: string; slug: string; category: ProjectCategory; status: ProjectStatus; isFeatured: boolean; displayOnHomepage: boolean; shortDescription?: string | undefined; ... 9 more ...; keyFeatures?: string | undefined; }>'.
              Type 'TFieldValues' is not assignable to type '{ title: string; slug: string; category: ProjectCategory; status: ProjectStatus; isFeatured: boolean; displayOnHomepage: boolean; shortDescription?: string | undefined; ... 9 more ...; keyFeatures?: string | undefined; }'.
                Type 'FieldValues' is missing the following properties from type '{ title: string; slug: string; category: ProjectCategory; status: ProjectStatus; isFeatured: boolean; displayOnHomepage: boolean; shortDescription?: string | undefined; ... 9 more ...; keyFeatures?: string | undefined; }': title, slug, category, status, and 2 more.
